Archive member included to satisfy reference by file (symbol)

app/libapp.a(main.c.obj)      (--whole-archive)
app/libapp.a(nrf_esb.c.obj)   (--whole-archive)
app/libapp.a(crc.c.obj)       (--whole-archive)
app/libapp.a(utils.c.obj)     (--whole-archive)
app/libapp.a(buffer.c.obj)    (--whole-archive)
app/libapp.a(oled.c.obj)      (--whole-archive)
app/libapp.a(fonts.c.obj)     (--whole-archive)
app/libapp.a(i2c_bb.c.obj)    (--whole-archive)
app/libapp.a(bmi160.c.obj)    (--whole-archive)
app/libapp.a(ahrs.c.obj)      (--whole-archive)
app/libapp.a(imu.c.obj)       (--whole-archive)
zephyr/libzephyr.a(crc32c_sw.c.obj)
                              (--whole-archive)
zephyr/libzephyr.a(crc32_sw.c.obj)
                              (--whole-archive)
zephyr/libzephyr.a(crc16_sw.c.obj)
                              (--whole-archive)
zephyr/libzephyr.a(crc8_sw.c.obj)
                              (--whole-archive)
zephyr/libzephyr.a(crc7_sw.c.obj)
                              (--whole-archive)
zephyr/libzephyr.a(cbprintf_packaged.c.obj)
                              (--whole-archive)
zephyr/libzephyr.a(dec.c.obj)
                              (--whole-archive)
zephyr/libzephyr.a(fdtable.c.obj)
                              (--whole-archive)
zephyr/libzephyr.a(hex.c.obj)
                              (--whole-archive)
zephyr/libzephyr.a(printk.c.obj)
                              (--whole-archive)
zephyr/libzephyr.a(rb.c.obj)  (--whole-archive)
zephyr/libzephyr.a(sem.c.obj)
                              (--whole-archive)
zephyr/libzephyr.a(thread_entry.c.obj)
                              (--whole-archive)
zephyr/libzephyr.a(timeutil.c.obj)
                              (--whole-archive)
zephyr/libzephyr.a(heap.c.obj)
                              (--whole-archive)
zephyr/libzephyr.a(heap-validate.c.obj)
                              (--whole-archive)
zephyr/libzephyr.a(bitarray.c.obj)
                              (--whole-archive)
zephyr/libzephyr.a(multi_heap.c.obj)
                              (--whole-archive)
zephyr/libzephyr.a(onoff.c.obj)
                              (--whole-archive)
zephyr/libzephyr.a(notify.c.obj)
                              (--whole-archive)
zephyr/libzephyr.a(cbprintf_complete.c.obj)
                              (--whole-archive)
zephyr/libzephyr.a(cbprintf.c.obj)
                              (--whole-archive)
zephyr/libzephyr.a(assert.c.obj)
                              (--whole-archive)
zephyr/libzephyr.a(reboot.c.obj)
                              (--whole-archive)
zephyr/libzephyr.a(configs.c.obj)
                              (--whole-archive)
zephyr/libzephyr.a(soc_nrf_common.S.obj)
                              (--whole-archive)
zephyr/libzephyr.a(validate_base_addresses.c.obj)
                              (--whole-archive)
zephyr/libzephyr.a(validate_enabled_instances.c.obj)
                              (--whole-archive)
zephyr/libzephyr.a(nvs.c.obj)
                              (--whole-archive)
zephyr/libzephyr.a(tracing_none.c.obj)
                              (--whole-archive)
zephyr/libzephyr.a(usb_device.c.obj)
                              (--whole-archive)
zephyr/libzephyr.a(usb_descriptor.c.obj)
                              (--whole-archive)
zephyr/libzephyr.a(usb_transfer.c.obj)
                              (--whole-archive)
zephyr/libzephyr.a(nrf_cc3xx_platform_abort_zephyr.c.obj)
                              (--whole-archive)
zephyr/libzephyr.a(nrf_cc3xx_platform_mutex_zephyr.c.obj)
                              (--whole-archive)
zephyr/arch/common/libarch__common.a(sw_isr_common.c.obj)
                              (--whole-archive)
zephyr/arch/arch/arm/core/aarch32/libarch__arm__core__aarch32.a(cpu_idle.S.obj)
                              (--whole-archive)
zephyr/arch/arch/arm/core/aarch32/libarch__arm__core__aarch32.a(fatal.c.obj)
                              (--whole-archive)
zephyr/arch/arch/arm/core/aarch32/libarch__arm__core__aarch32.a(irq_manage.c.obj)
                              (--whole-archive)
zephyr/arch/arch/arm/core/aarch32/libarch__arm__core__aarch32.a(nmi.c.obj)
                              (--whole-archive)
zephyr/arch/arch/arm/core/aarch32/libarch__arm__core__aarch32.a(nmi_on_reset.S.obj)
                              (--whole-archive)
zephyr/arch/arch/arm/core/aarch32/libarch__arm__core__aarch32.a(prep_c.c.obj)
                              (--whole-archive)
zephyr/arch/arch/arm/core/aarch32/libarch__arm__core__aarch32.a(swap.c.obj)
                              (--whole-archive)
zephyr/arch/arch/arm/core/aarch32/libarch__arm__core__aarch32.a(swap_helper.S.obj)
                              (--whole-archive)
zephyr/arch/arch/arm/core/aarch32/libarch__arm__core__aarch32.a(thread.c.obj)
                              (--whole-archive)
zephyr/arch/arch/arm/core/aarch32/libarch__arm__core__aarch32.a(isr_wrapper.S.obj)
                              (--whole-archive)
[...]
Memory Configuration

Name             Origin             Length             Attributes
FLASH            0x0000000000001000 0x00000000000ff000 xr
RAM              0x0000000020000000 0x0000000000040000 xw
IDT_LIST         0x00000000fffff7ff 0x0000000000000800 xw
*default*        0x0000000000000000 0xffffffffffffffff

Linker script and memory map

LOAD zephyr/CMakeFiles/zephyr_final.dir/misc/empty_file.c.obj
LOAD zephyr/CMakeFiles/zephyr_final.dir/isr_tables.c.obj
LOAD app/libapp.a
LOAD zephyr/libzephyr.a
LOAD zephyr/arch/common/libarch__common.a
LOAD zephyr/arch/arch/arm/core/aarch32/libarch__arm__core__aarch32.a
LOAD zephyr/arch/arch/arm/core/aarch32/cortex_m/libarch__arm__core__aarch32__cortex_m.a
LOAD zephyr/arch/arch/arm/core/aarch32/mpu/libarch__arm__core__aarch32__mpu.a
LOAD zephyr/lib/libc/newlib/liblib__libc__newlib.a
LOAD zephyr/lib/libc/common/liblib__libc__common.a
LOAD zephyr/soc/soc/arm/common/cortex_m/libsoc__arm__common__cortex_m.a
LOAD zephyr/soc/soc/arm/nordic_nrf/nrf52/libsoc__arm__nordic_nrf__nrf52.a
LOAD zephyr/boards/arm/nrf52840dongle_nrf52840/libboards__arm__nrf52840dongle_nrf52840.a
LOAD zephyr/drivers/usb/device/libdrivers__usb__device.a
LOAD zephyr/drivers/adc/libdrivers__adc.a
LOAD zephyr/drivers/clock_control/libdrivers__clock_control.a
LOAD zephyr/drivers/flash/libdrivers__flash.a
LOAD zephyr/drivers/gpio/libdrivers__gpio.a
LOAD zephyr/drivers/hwinfo/libdrivers__hwinfo.a
LOAD zephyr/drivers/pinctrl/libdrivers__pinctrl.a
LOAD zephyr/drivers/timer/libdrivers__timer.a
LOAD modules/nrf/lib/fatal_error/lib..__nrf__lib__fatal_error.a
LOAD modules/nrf/drivers/hw_cc310/lib..__nrf__drivers__hw_cc310.a
LOAD modules/hal_nordic/nrfx/libmodules__hal_nordic__nrfx.a
LOAD modules/segger/libmodules__segger.a
LOAD zephyr/kernel/libkernel.a
LOAD zephyr/CMakeFiles/offsets.dir/./arch/arm/core/offsets/offsets.c.obj
LOAD /home/garth/ncs/toolchains/7795df4459/opt/zephyr-sdk/arm-zephyr-eabi/bin/../lib/gcc/arm-zephyr-eabi/12.2.0/thumb/v7e-m+fp/hard/libgcc.a
LOAD zephyr/arch/common/libisr_tables.a
LOAD /home/garth/ncs/toolchains/7795df4459/opt/zephyr-sdk/arm-zephyr-eabi/arm-zephyr-eabi/lib/thumb/v7e-m+fp/hard/libm_nano.a
LOAD /home/garth/ncs/toolchains/7795df4459/opt/zephyr-sdk/arm-zephyr-eabi/arm-zephyr-eabi/lib/thumb/v7e-m+fp/hard/libc_nano.a
LOAD /home/garth/ncs/toolchains/7795df4459/opt/zephyr-sdk/arm-zephyr-eabi/bin/../lib/gcc/arm-zephyr-eabi/12.2.0/thumb/v7e-m+fp/hard/libgcc.a
LOAD /home/garth/ncs/toolchains/7795df4459/opt/zephyr-sdk/arm-zephyr-eabi/arm-zephyr-eabi/lib/thumb/v7e-m+fp/hard/libc_nano.a
LOAD /home/garth/ncs/v2.5.1/nrfxlib/crypto/nrf_cc310_platform/lib/cortex-m4/hard-float/no-interrupts/libnrf_cc310_platform_0.9.18.a
LOAD /home/garth/ncs/toolchains/7795df4459/opt/zephyr-sdk/arm-zephyr-eabi/arm-zephyr-eabi/lib/thumb/v7e-m+fp/hard/libc_nano.a
                0x0000000000000020                _region_min_align = 0x20

.rel.plt        0x0000000000001000        0x0
 *(SORT_BY_ALIGNMENT(.rel.plt))
                [!provide]                        PROVIDE (__rel_iplt_start = .)
 *(SORT_BY_ALIGNMENT(.rel.iplt))
 .rel.iplt      0x0000000000001000        0x0 zephyr/CMakeFiles/zephyr_final.dir/isr_tables.c.obj
                [!provide]                        PROVIDE (__rel_iplt_end = .)

.rela.plt       0x0000000000000000        0x0
 *(SORT_BY_ALIGNMENT(.rela.plt))
                [!provide]                        PROVIDE (__rela_iplt_start = .)
 *(SORT_BY_ALIGNMENT(.rela.iplt))
                [!provide]                        PROVIDE (__rela_iplt_end = .)

.rel.dyn
 *(SORT_BY_ALIGNMENT(.rel.*))

.rela.dyn
 *(SORT_BY_ALIGNMENT(.rela.*))

/DISCARD/
 *(SORT_BY_ALIGNMENT(.plt))

/DISCARD/
 *(SORT_BY_ALIGNMENT(.iplt))
                0x0000000000001000                __rom_region_start = 0x1000

rom_start       0x0000000000001000      0x100
                0x0000000000001000                __rom_start_address = .
                0x0000000000001000                . = (. + (0x0 - (. - __rom_start_address)))
                0x0000000000001000                . = ALIGN (0x4)
                0x0000000000001000                . = ALIGN (0x80)
                0x0000000000001000                . = ALIGN (0x100)
                0x0000000000001000                _vector_start = .
 *(SORT_BY_ALIGNMENT(.exc_vector_table))
 *(SORT_BY_ALIGNMENT(.exc_vector_table.*))
 .exc_vector_table._vector_table_section
                0x0000000000001000       0x40 zephyr/arch/arch/arm/core/aarch32/cortex_m/libarch__arm__core__aarch32__cortex_m.a(vector_table.S.obj)
                0x0000000000001000                _vector_table
 *(SORT_BY_ALIGNMENT(.vectors))
                0x0000000000001100                _vector_end = .
                0x0000000000001040                . = ALIGN (0x4)
 *(SORT_BY_ALIGNMENT(.gnu.linkonce.irq_vector_table*))
 .gnu.linkonce.irq_vector_table
                0x0000000000001040       0xc0 zephyr/CMakeFiles/zephyr_final.dir/isr_tables.c.obj
                0x0000000000001040                _irq_vector_table
                0x0000000000001100                _vector_end = .

text            0x0000000000001100    0x160d0
                0x0000000000001100                __text_region_start = .
 *(SORT_BY_ALIGNMENT(.text))
 .text          0x0000000000001100       0xa0 /home/garth/ncs/toolchains/7795df4459/opt/zephyr-sdk/arm-zephyr-eabi/arm-zephyr-eabi/lib/thumb/v7e-m+fp/hard/libc_nano.a(lib_a-memchr.o)
                0x0000000000001100                memchr
 .text          0x00000000000011a0      0x378 /home/garth/ncs/toolchains/7795df4459/opt/zephyr-sdk/arm-zephyr-eabi/bin/../lib/gcc/arm-zephyr-eabi/12.2.0/thumb/v7e-m+fp/hard/libgcc.a(_arm_addsubdf3.o)
                0x00000000000011a0                __aeabi_drsub
                0x00000000000011a8                __aeabi_dsub
                0x00000000000011a8                __subdf3
                0x00000000000011ac                __adddf3
                0x00000000000011ac                __aeabi_dadd
                0x0000000000001424                __aeabi_ui2d
                0x0000000000001424                __floatunsidf
                0x0000000000001444                __floatsidf
                0x0000000000001444                __aeabi_i2d
                0x0000000000001468                __extendsfdf2
                0x0000000000001468                __aeabi_f2d
                0x00000000000014ac                __aeabi_ul2d
                0x00000000000014ac                __floatundidf
                0x00000000000014bc                __floatdidf
                0x00000000000014bc                __aeabi_l2d
 .text          0x0000000000001518      0x424 /home/garth/ncs/toolchains/7795df4459/opt/zephyr-sdk/arm-zephyr-eabi/bin/../lib/gcc/arm-zephyr-eabi/12.2.0/thumb/v7e-m+fp/hard/libgcc.a(_arm_muldivdf3.o)
                0x0000000000001518                __aeabi_dmul
                0x0000000000001518                __muldf3
                0x000000000000176c                __aeabi_ddiv
                0x000000000000176c                __divdf3
 .text          0x000000000000193c      0x110 /home/garth/ncs/toolchains/7795df4459/opt/zephyr-sdk/arm-zephyr-eabi/bin/../lib/gcc/arm-zephyr-eabi/12.2.0/thumb/v7e-m+fp/hard/libgcc.a(_arm_cmpdf2.o)
                0x000000000000193c                __gtdf2
                0x000000000000193c                __gedf2
                0x0000000000001944                __ltdf2
                0x0000000000001944                __ledf2
                0x000000000000194c                __cmpdf2
                0x000000000000194c                __eqdf2
                0x000000000000194c                __nedf2
                0x00000000000019c8                __aeabi_cdrcmple
                0x00000000000019d8                __aeabi_cdcmple
                0x00000000000019d8                __aeabi_cdcmpeq
                0x00000000000019e8                __aeabi_dcmpeq
                0x00000000000019fc                __aeabi_dcmplt
                0x0000000000001a10                __aeabi_dcmple
                0x0000000000001a24                __aeabi_dcmpge
                0x0000000000001a38                __aeabi_dcmpgt
 .text          0x0000000000001a4c       0x40 /home/garth/ncs/toolchains/7795df4459/opt/zephyr-sdk/arm-zephyr-eabi/bin/../lib/gcc/arm-zephyr-eabi/12.2.0/thumb/v7e-m+fp/hard/libgcc.a(_arm_fixunsdfsi.o)
                0x0000000000001a4c                __fixunsdfsi
                0x0000000000001a4c                __aeabi_d2uiz
 .text          0x0000000000001a8c       0xa0 /home/garth/ncs/toolchains/7795df4459/opt/zephyr-sdk/arm-zephyr-eabi/bin/../lib/gcc/arm-zephyr-eabi/12.2.0/thumb/v7e-m+fp/hard/libgcc.a(_arm_truncdfsf2.o)
                0x0000000000001a8c                __aeabi_d2f
                0x0000000000001a8c                __truncdfsf2
 .text          0x0000000000001b2c      0x21c /home/garth/ncs/toolchains/7795df4459/opt/zephyr-sdk/arm-zephyr-eabi/bin/../lib/gcc/arm-zephyr-eabi/12.2.0/thumb/v7e-m+fp/hard/libgcc.a(_arm_addsubsf3.o)
                0x0000000000001b2c                __aeabi_frsub
                0x0000000000001b34                __subsf3
                0x0000000000001b34                __aeabi_fsub
                0x0000000000001b38                __aeabi_fadd
                0x0000000000001b38                __addsf3
                0x0000000000001c98                __aeabi_ui2f
                0x0000000000001c98                __floatunsisf
                0x0000000000001ca0                __aeabi_i2f
                0x0000000000001ca0                __floatsisf
                0x0000000000001cbc                __floatundisf
                0x0000000000001cbc                __aeabi_ul2f
                0x0000000000001ccc                __floatdisf
                0x0000000000001ccc                __aeabi_l2f
 .text          0x0000000000001d48       0x30 /home/garth/ncs/toolchains/7795df4459/opt/zephyr-sdk/arm-zephyr-eabi/bin/../lib/gcc/arm-zephyr-eabi/12.2.0/thumb/v7e-m+fp/hard/libgcc.a(_aeabi_uldivmod.o)
                0x0000000000001d48                __aeabi_uldivmod
 .text          0x0000000000001d78       0x3c /home/garth/ncs/toolchains/7795df4459/opt/zephyr-sdk/arm-zephyr-eabi/bin/../lib/gcc/arm-zephyr-eabi/12.2.0/thumb/v7e-m+fp/hard/libgcc.a(_fixunsdfdi.o)
                0x0000000000001d78                __aeabi_d2ulz
                0x0000000000001d78                __fixunsdfdi
 .text          0x0000000000001db4        0x4 /home/garth/ncs/toolchains/7795df4459/opt/zephyr-sdk/arm-zephyr-eabi/bin/../lib/gcc/arm-zephyr-eabi/12.2.0/thumb/v7e-m+fp/hard/libgcc.a(_dvmd_tls.o)
                0x0000000000001db4                __aeabi_ldiv0
                0x0000000000001db4                __aeabi_idiv0
 .text          0x0000000000001db8       0x2c /home/garth/ncs/toolchains/7795df4459/opt/zephyr-sdk/arm-zephyr-eabi/bin/../lib/gcc/arm-zephyr-eabi/12.2.0/thumb/v7e-m+fp/hard/libgcc.a(_arm_unorddf2.o)
                0x0000000000001db8                __aeabi_dcmpun
                0x0000000000001db8                __unorddf2
 .text          0x0000000000001de4       0x50 /home/garth/ncs/toolchains/7795df4459/opt/zephyr-sdk/arm-zephyr-eabi/bin/../lib/gcc/arm-zephyr-eabi/12.2.0/thumb/v7e-m+fp/hard/libgcc.a(_arm_fixdfsi.o)
                0x0000000000001de4                __fixdfsi
                0x0000000000001de4                __aeabi_d2iz
 .text          0x0000000000001e34       0x2e /home/garth/ncs/toolchains/7795df4459/opt/zephyr-sdk/arm-zephyr-eabi/bin/../lib/gcc/arm-zephyr-eabi/12.2.0/thumb/v7e-m+fp/hard/libgcc.a(_fixdfdi.o)
                0x0000000000001e34                __aeabi_d2lz
                0x0000000000001e34                __fixdfdi
 .text          0x0000000000001e62      0x2a0 /home/garth/ncs/toolchains/7795df4459/opt/zephyr-sdk/arm-zephyr-eabi/bin/../lib/gcc/arm-zephyr-eabi/12.2.0/thumb/v7e-m+fp/hard/libgcc.a(_udivmoddi4.o)
                0x0000000000001e62                __udivmoddi4
 .text          0x0000000000002102       0x14 /home/garth/ncs/toolchains/7795df4459/opt/zephyr-sdk/arm-zephyr-eabi/arm-zephyr-eabi/lib/thumb/v7e-m+fp/hard/libc_nano.a(lib_a-strcmp.o)
                0x0000000000002102                strcmp
 .text          0x0000000000002116       0x10 /home/garth/ncs/toolchains/7795df4459/opt/zephyr-sdk/arm-zephyr-eabi/arm-zephyr-eabi/lib/thumb/v7e-m+fp/hard/libc_nano.a(lib_a-strlen.o)
                0x0000000000002116                strlen
 *(SORT_BY_ALIGNMENT(.text.*))
 *fill*         0x0000000000002126        0x2 
 .text.adc_sample_thd
                0x0000000000002128      0x2f8 app/libapp.a(main.c.obj)
                0x0000000000002128                adc_sample_thd
 .text.display_thd
                0x0000000000002420      0xbb4 app/libapp.a(main.c.obj)
                0x0000000000002420                display_thd
 *fill*         0x0000000000002fd4        0x4 
 .text.main     0x0000000000002fd8      0xa74 app/libapp.a(main.c.obj)
                0x0000000000002fd8                main
 *fill*         0x0000000000003a4c        0x4 
 .text.nrf_esb_disable
                0x0000000000003a50       0x78 app/libapp.a(nrf_esb.c.obj)
                0x0000000000003a50                nrf_esb_disable
 .text.nrf_esb_init
                0x0000000000003ac8      0x250 app/libapp.a(nrf_esb.c.obj)
                0x0000000000003ac8                nrf_esb_init
 .text.nrf_esb_flush_tx
                0x0000000000003d18       0x48 app/libapp.a(nrf_esb.c.obj)
                0x0000000000003d18                nrf_esb_flush_tx
 .text.oled_draw_image_rot_scale
                0x0000000000003d60      0x200 app/libapp.a(oled.c.obj)
                0x0000000000003d60                oled_draw_image_rot_scale
 .text.ahrs_update_madgwick_imu
                0x0000000000003f60      0x38c app/libapp.a(ahrs.c.obj)
                0x0000000000003f60                ahrs_update_madgwick_imu
 *fill*         0x00000000000042ec        0x4 
 .text.imu_sample_thd
                0x00000000000042f0      0x2d4 app/libapp.a(imu.c.obj)
 *fill*         0x00000000000045c4        0x4 
 .text.api_blocking_start
                0x00000000000045c8       0x4c zephyr/drivers/clock_control/libdrivers__clock_control.a(clock_control_nrf.c.obj)
 *fill*         0x0000000000004614        0x4 
 .text.sys_clock_driver_init
                0x0000000000004618       0x94 zephyr/drivers/timer/libdrivers__timer.a(nrf_rtc_timer.c.obj)
 *fill*         0x00000000000046ac        0x4 
 .text.rtc_nrf_isr
                0x00000000000046b0      0x124 zephyr/drivers/timer/libdrivers__timer.a(nrf_rtc_timer.c.obj)
                0x00000000000046b0                rtc_nrf_isr
 *fill*         0x00000000000047d4        0x4 
 .text.z_setup_new_thread
                0x00000000000047d8       0x6c zephyr/kernel/libkernel.a(thread.c.obj)
                0x00000000000047d8                z_setup_new_thread
 *fill*         0x0000000000004844        0x4 
 .text.z_impl_k_thread_create
                0x0000000000004848       0xa8 zephyr/kernel/libkernel.a(thread.c.obj)
                0x0000000000004848                z_impl_k_thread_create
 .text.z_init_static_threads
                0x00000000000048f0       0xf8 zephyr/kernel/libkernel.a(thread.c.obj)
                0x00000000000048f0                z_init_static_threads
 .text.work_queue_main
                0x00000000000049e8      0x158 zephyr/kernel/libkernel.a(work.c.obj)
 .text.k_work_queue_start
                0x0000000000004b40       0x7c zephyr/kernel/libkernel.a(work.c.obj)
                0x0000000000004b40                k_work_queue_start
 *fill*         0x0000000000004bbc        0x4 
 .text.z_thread_timeout
                0x0000000000004bc0       0x60 zephyr/kernel/libkernel.a(sched.c.obj)
                0x0000000000004bc0                z_thread_timeout
 .text.z_unpend_thread_no_timeout
                0x0000000000004c20       0x48 zephyr/kernel/libkernel.a(sched.c.obj)
                0x0000000000004c20                z_unpend_thread_no_timeout
 .text.z_unpend1_no_timeout
                0x0000000000004c68       0x58 zephyr/kernel/libkernel.a(sched.c.obj)
                0x0000000000004c68                z_unpend1_no_timeout
 .text.z_unpend_thread
                0x0000000000004cc0       0x48 zephyr/kernel/libkernel.a(sched.c.obj)
                0x0000000000004cc0                z_unpend_thread
 .text._strtod_l
                0x0000000000004d08      0xc08 /home/garth/ncs/toolchains/7795df4459/opt/zephyr-sdk/arm-zephyr-eabi/arm-zephyr-eabi/lib/thumb/v7e-m+fp/hard/libc_nano.a(lib_a-strtod.o)
                0x0000000000004d08                _strtod_l
 .text._dtoa_r  0x0000000000005910      0xc58 /home/garth/ncs/toolchains/7795df4459/opt/zephyr-sdk/arm-zephyr-eabi/arm-zephyr-eabi/lib/thumb/v7e-m+fp/hard/libc_nano.a(lib_a-dtoa.o)
                0x0000000000005910                _dtoa_r
 .text.nan      0x0000000000006568       0x10 /home/garth/ncs/toolchains/7795df4459/opt/zephyr-sdk/arm-zephyr-eabi/arm-zephyr-eabi/lib/thumb/v7e-m+fp/hard/libc_nano.a(lib_a-s_nan.o)
                0x0000000000006568                nan
 .text.handle_esb_rx
                0x0000000000006578      0x12c app/libapp.a(main.c.obj)
                0x0000000000006578                handle_esb_rx
 .text.esb_event_handler
                0x00000000000066a4       0x30 app/libapp.a(main.c.obj)
                0x00000000000066a4                esb_event_handler
 .text.k_msleep.isra.0
                0x00000000000066d4        0x8 app/libapp.a(main.c.obj)
 .text.esb_init
                0x00000000000066dc       0x54 app/libapp.a(main.c.obj)
                0x00000000000066dc                esb_init
 .text.esb_wait_idle
                0x0000000000006730       0x18 app/libapp.a(main.c.obj)
                0x0000000000006730                esb_wait_idle
 .text.set_addr_ch
                0x0000000000006748       0x54 app/libapp.a(main.c.obj)
                0x0000000000006748                set_addr_ch
 .text.rfhelp_send_data_crc
                0x000000000000679c       0x4c app/libapp.a(main.c.obj)
                0x000000000000679c                rfhelp_send_data_crc
 .text.send_pairing_info
                0x00000000000067e8       0x94 app/libapp.a(main.c.obj)
                0x00000000000067e8                send_pairing_info
 .text.clocks_start
                0x000000000000687c       0x28 app/libapp.a(main.c.obj)
                0x000000000000687c                clocks_start
 .text.go_to_sleep
                0x00000000000068a4      0x150 app/libapp.a(main.c.obj)
                0x00000000000068a4                go_to_sleep
 .text.go_to_sleep_long_press
                0x00000000000069f4       0xfc app/libapp.a(main.c.obj)
                0x00000000000069f4                go_to_sleep_long_press
 .text.update_rf_payload_format_esb_dpl
                0x0000000000006af0       0x2c app/libapp.a(nrf_esb.c.obj)
 .text.update_rf_payload_format_esb
                0x0000000000006b1c       0x2c app/libapp.a(nrf_esb.c.obj)
 .text.on_radio_disabled_tx
                0x0000000000006b48       0x8c app/libapp.a(nrf_esb.c.obj)
 .text.clear_events_restart_rx
                0x0000000000006bd4       0x54 app/libapp.a(nrf_esb.c.obj)
 .text.on_radio_disabled_rx_ack
                0x0000000000006c28       0x48 app/libapp.a(nrf_esb.c.obj)
 .text.RADIO_IRQHandler
                0x0000000000006c70       0x60 app/libapp.a(nrf_esb.c.obj)
 .text.SWI0_EGU0_IRQHandler
                0x0000000000006cd0       0x6c app/libapp.a(nrf_esb.c.obj)
 .text.NRF_ESB_SYS_TIMER_IRQHandler
                0x0000000000006d3c        0x4 app/libapp.a(nrf_esb.c.obj)
 .text.tx_fifo_remove_last.part.0
                0x0000000000006d40       0x34 app/libapp.a(nrf_esb.c.obj)
 .text.on_radio_disabled_rx
                0x0000000000006d74      0x254 app/libapp.a(nrf_esb.c.obj)
 .text.start_tx_transaction
                0x0000000000006fc8      0x144 app/libapp.a(nrf_esb.c.obj)
 .text.on_radio_disabled_tx_noack
                0x000000000000710c       0x50 app/libapp.a(nrf_esb.c.obj)
 .text.on_radio_disabled_tx_wait_for_ack
                0x000000000000715c      0x138 app/libapp.a(nrf_esb.c.obj)
 .text.nrf_esb_is_idle
                0x0000000000007294       0x10 app/libapp.a(nrf_esb.c.obj)
                0x0000000000007294                nrf_esb_is_idle
 .text.nrf_esb_write_payload
                0x00000000000072a4      0x104 app/libapp.a(nrf_esb.c.obj)
                0x00000000000072a4                nrf_esb_write_payload
 .text.nrf_esb_read_rx_payload
                0x00000000000073a8       0xa0 app/libapp.a(nrf_esb.c.obj)
                0x00000000000073a8                nrf_esb_read_rx_payload
 .text.nrf_esb_start_rx
                0x0000000000007448       0x90 app/libapp.a(nrf_esb.c.obj)
                0x0000000000007448                nrf_esb_start_rx
 .text.nrf_esb_stop_rx
                0x00000000000074d8       0x50 app/libapp.a(nrf_esb.c.obj)
                0x00000000000074d8                nrf_esb_stop_rx
 .text.nrf_esb_set_address_length
                0x0000000000007528       0x44 app/libapp.a(nrf_esb.c.obj)
                0x0000000000007528                nrf_esb_set_address_length
 .text.nrf_esb_set_base_address_0
                0x000000000000756c       0x54 app/libapp.a(nrf_esb.c.obj)
                0x000000000000756c                nrf_esb_set_base_address_0
 .text.nrf_esb_set_base_address_1
                0x00000000000075c0       0x54 app/libapp.a(nrf_esb.c.obj)
                0x00000000000075c0                nrf_esb_set_base_address_1
 .text.nrf_esb_set_prefixes
                0x0000000000007614       0x98 app/libapp.a(nrf_esb.c.obj)
                0x0000000000007614                nrf_esb_set_prefixes
 .text.nrf_esb_set_rf_channel
                0x00000000000076ac       0x2c app/libapp.a(nrf_esb.c.obj)
                0x00000000000076ac                nrf_esb_set_rf_channel
 .text.crc16_2  0x00000000000076d8       0x34 app/libapp.a(crc.c.obj)
                0x00000000000076d8                crc16_2
 .text.utils_map
                0x000000000000770c       0x1c app/libapp.a(utils.c.obj)
                0x000000000000770c                utils_map
 .text.utils_truncate_number
                0x0000000000007728       0x30 app/libapp.a(utils.c.obj)
                0x0000000000007728                utils_truncate_number
 .text.utils_step_towards_int
                0x0000000000007758       0x1c app/libapp.a(utils.c.obj)
                0x0000000000007758                utils_step_towards_int
 .text.buffer_get_float16
                0x0000000000007774       0x20 app/libapp.a(buffer.c.obj)
                0x0000000000007774                buffer_get_float16
 .text.buffer_get_float32
                0x0000000000007794       0x38 app/libapp.a(buffer.c.obj)
                0x0000000000007794                buffer_get_float32
 .text.write_cmd
                0x00000000000077cc       0x58 app/libapp.a(oled.c.obj)
 .text.oled_put_char_aa.part.0
                0x0000000000007824       0xb8 app/libapp.a(oled.c.obj)
 .text.oled_init
                0x00000000000078dc      0x128 app/libapp.a(oled.c.obj)
                0x00000000000078dc                oled_init
 .text.oled_clear
                0x0000000000007a04       0x10 app/libapp.a(oled.c.obj)
                0x0000000000007a04                oled_clear
 .text.oled_sleep
                0x0000000000007a14       0x24 app/libapp.a(oled.c.obj)
                0x0000000000007a14                oled_sleep
 .text.oled_set_offset_x
                0x0000000000007a38        0xc app/libapp.a(oled.c.obj)
                0x0000000000007a38                oled_set_offset_x
 .text.oled_set_offset_y
                0x0000000000007a44        0xc app/libapp.a(oled.c.obj)
                0x0000000000007a44                oled_set_offset_y
 .text.oled_printf_aa
                0x0000000000007a50       0x50 app/libapp.a(oled.c.obj)
                0x0000000000007a50                oled_printf_aa
 .text.oled_fill_circle
                0x0000000000007aa0       0xc0 app/libapp.a(oled.c.obj)
                0x0000000000007aa0                oled_fill_circle
 .text.oled_fill_rectangle
                0x0000000000007b60       0x68 app/libapp.a(oled.c.obj)
                0x0000000000007b60                oled_fill_rectangle
 .text.oled_draw_image
                0x0000000000007bc8      0x104 app/libapp.a(oled.c.obj)
                0x0000000000007bc8                oled_draw_image
 .text.oled_show_buffer
                0x0000000000007ccc       0x74 app/libapp.a(oled.c.obj)
                0x0000000000007ccc                oled_show_buffer
 .text.clock_stretch_timeout.isra.0
                0x0000000000007d40       0x5c app/libapp.a(i2c_bb.c.obj)
 .text.i2c_read_bit
                0x0000000000007d9c       0xf0 app/libapp.a(i2c_bb.c.obj)
 .text.i2c_stop_cond
                0x0000000000007e8c       0xf0 app/libapp.a(i2c_bb.c.obj)
 .text.i2c_start_cond
                0x0000000000007f7c      0x11c app/libapp.a(i2c_bb.c.obj)
 .text.i2c_write_bit
                0x0000000000008098      0x114 app/libapp.a(i2c_bb.c.obj)
 .text.i2c_bb_init
                0x00000000000081ac       0x50 app/libapp.a(i2c_bb.c.obj)
                0x00000000000081ac                i2c_bb_init
 .text.i2c_bb_tx_rx
                0x00000000000081fc       0xe8 app/libapp.a(i2c_bb.c.obj)
                0x00000000000081fc                i2c_bb_tx_rx
 .text.bmi160_set_regs
                0x00000000000082e4       0x8c app/libapp.a(bmi160.c.obj)
                0x00000000000082e4                bmi160_set_regs
 .text.bmi160_soft_reset
                0x0000000000008370       0x68 app/libapp.a(bmi160.c.obj)
                0x0000000000008370                bmi160_soft_reset
 .text.bmi160_init
                0x00000000000083d8       0x98 app/libapp.a(bmi160.c.obj)
                0x00000000000083d8                bmi160_init
 .text.bmi160_set_power_mode
                0x0000000000008470      0x140 app/libapp.a(bmi160.c.obj)
                0x0000000000008470                bmi160_set_power_mode
 .text.bmi160_set_sens_conf
                0x00000000000085b0      0x1c8 app/libapp.a(bmi160.c.obj)
                0x00000000000085b0                bmi160_set_sens_conf
 .text.bmi160_get_sensor_data
                0x0000000000008778      0x198 app/libapp.a(bmi160.c.obj)
                0x0000000000008778                bmi160_get_sensor_data
 .text.ahrs_init_attitude_info
                0x0000000000008910       0x1c app/libapp.a(ahrs.c.obj)
                0x0000000000008910                ahrs_init_attitude_info
 .text.user_i2c_read
                0x000000000000892c       0x30 app/libapp.a(imu.c.obj)
 .text.user_i2c_write
                0x000000000000895c       0x54 app/libapp.a(imu.c.obj)
 .text.user_delay_ms
                0x00000000000089b0        0xc app/libapp.a(imu.c.obj)
 .text.imu_init
                0x00000000000089bc       0x64 app/libapp.a(imu.c.obj)
                0x00000000000089bc                imu_init
 .text.crc8_ccitt
                0x0000000000008a20       0x3c zephyr/libzephyr.a(crc8_sw.c.obj)
                0x0000000000008a20                crc8_ccitt
 .text.arch_printk_char_out
                0x0000000000008a5c        0x4 zephyr/libzephyr.a(printk.c.obj)
                0x0000000000008a5c                arch_printk_char_out
 .text.char_out
                0x0000000000008a60        0xc zephyr/libzephyr.a(printk.c.obj)
 .text.printk   0x0000000000008a6c       0x28 zephyr/libzephyr.a(printk.c.obj)
                0x0000000000008a6c                printk
 .text.z_thread_entry
                0x0000000000008a94       0x18 zephyr/libzephyr.a(thread_entry.c.obj)
                0x0000000000008a94                z_thread_entry
 .text.split_chunks
                0x0000000000008aac       0x30 zephyr/libzephyr.a(heap.c.obj)
 .text.merge_chunks
                0x0000000000008adc       0x34 zephyr/libzephyr.a(heap.c.obj)
 .text.free_list_add
                0x0000000000008b10       0x60 zephyr/libzephyr.a(heap.c.obj)
 .text.free_list_remove_bidx
                0x0000000000008b70       0x3c zephyr/libzephyr.a(heap.c.obj)
 .text.alloc_chunk
                0x0000000000008bac       0x64 zephyr/libzephyr.a(heap.c.obj)
 .text.free_chunk
                0x0000000000008c10       0x80 zephyr/libzephyr.a(heap.c.obj)
 .text.sys_heap_free
                0x0000000000008c90       0x20 zephyr/libzephyr.a(heap.c.obj)
                0x0000000000008c90                sys_heap_free
 .text.sys_heap_alloc
                0x0000000000008cb0       0x50 zephyr/libzephyr.a(heap.c.obj)
                0x0000000000008cb0                sys_heap_alloc
 .text.sys_heap_aligned_alloc
                0x0000000000008d00       0xe0 zephyr/libzephyr.a(heap.c.obj)
                0x0000000000008d00                sys_heap_aligned_alloc
 .text.sys_heap_init
                0x0000000000008de0       0x6c zephyr/libzephyr.a(heap.c.obj)
                0x0000000000008de0                sys_heap_init
 .text.process_event
                0x0000000000008e4c      0x2b0 zephyr/libzephyr.a(onoff.c.obj)
 .text.transition_complete
                0x00000000000090fc       0x20 zephyr/libzephyr.a(onoff.c.obj)
 .text.onoff_manager_init
                0x000000000000911c       0x28 zephyr/libzephyr.a(onoff.c.obj)
                0x000000000000911c                onoff_manager_init
 .text.onoff_request
                0x0000000000009144       0xe0 zephyr/libzephyr.a(onoff.c.obj)
                0x0000000000009144                onoff_request
 .text.onoff_release
                0x0000000000009224       0x4c zephyr/libzephyr.a(onoff.c.obj)
                0x0000000000009224                onoff_release
 .text.onoff_cancel
                0x0000000000009270       0x7c zephyr/libzephyr.a(onoff.c.obj)
                0x0000000000009270                onoff_cancel
 .text.sys_notify_validate
                0x00000000000092ec       0x28 zephyr/libzephyr.a(notify.c.obj)
                0x00000000000092ec                sys_notify_validate
 .text.sys_notify_finalize
                0x0000000000009314       0x34 zephyr/libzephyr.a(notify.c.obj)
                0x0000000000009314                sys_notify_finalize
 .text.encode_uint
                0x0000000000009348       0xd0 zephyr/libzephyr.a(cbprintf_complete.c.obj)
 .text.z_cbvprintf_impl
                0x0000000000009418     0x1298 zephyr/libzephyr.a(cbprintf_complete.c.obj)
                0x0000000000009418                z_cbvprintf_impl
 .text.sys_reboot
                0x000000000000a6b0       0x30 zephyr/libzephyr.a(reboot.c.obj)
                0x000000000000a6b0                sys_reboot
 .text._ConfigAbsSyms
                0x000000000000a6e0        0x4 zephyr/libzephyr.a(configs.c.obj)
                0x000000000000a6e0                _ConfigAbsSyms
 .text.z_arm_platform_init
                0x000000000000a6e4        0x4 zephyr/libzephyr.a(soc_nrf_common.S.obj)
                0x000000000000a6e4                z_arm_platform_init
 .text.nvs_ate_valid
                0x000000000000a6e8       0x40 zephyr/libzephyr.a(nvs.c.obj)
 .text.nvs_flash_al_wrt
                0x000000000000a728       0x80 zephyr/libzephyr.a(nvs.c.obj)
 .text.nvs_close_ate_valid
                0x000000000000a7a8       0x48 zephyr/libzephyr.a(nvs.c.obj)
 .text.nvs_flash_block_cmp
                0x000000000000a7f0       0x7c zephyr/libzephyr.a(nvs.c.obj)
 .text.nvs_flash_cmp_const
                0x000000000000a86c       0x50 zephyr/libzephyr.a(nvs.c.obj)
 .text.nvs_flash_erase_sector
                0x000000000000a8bc       0x34 zephyr/libzephyr.a(nvs.c.obj)
 .text.nvs_recover_last_ate
                0x000000000000a8f0       0x94 zephyr/libzephyr.a(nvs.c.obj)
 .text.nvs_prev_ate
                0x000000000000a984       0xcc zephyr/libzephyr.a(nvs.c.obj)
 .text.nvs_gc   0x000000000000aa50      0x258 zephyr/libzephyr.a(nvs.c.obj)
 .text.nvs_mount
                0x000000000000aca8      0x43c zephyr/libzephyr.a(nvs.c.obj)
                0x000000000000aca8                nvs_mount
 .text.nvs_write
                0x000000000000b0e4      0x248 zephyr/libzephyr.a(nvs.c.obj)
                0x000000000000b0e4                nvs_write
 .text.nvs_read_hist
                0x000000000000b32c       0xd4 zephyr/libzephyr.a(nvs.c.obj)
                0x000000000000b32c                nvs_read_hist
 .text.nvs_read
                0x000000000000b400       0x10 zephyr/libzephyr.a(nvs.c.obj)
                0x000000000000b400                nvs_read
 .text.class_handler
                0x000000000000b410       0x44 zephyr/libzephyr.a(usb_device.c.obj)
 .text.custom_handler
                0x000000000000b454       0x60 zephyr/libzephyr.a(usb_device.c.obj)
 .text.vendor_handler
                0x000000000000b4b4       0x38 zephyr/libzephyr.a(usb_device.c.obj)
 .text.disable_endpoint
                0x000000000000b4ec       0x40 zephyr/libzephyr.a(usb_device.c.obj)
 .text.usb_device_init
                0x000000000000b52c       0x48 zephyr/libzephyr.a(usb_device.c.obj)
 .text.set_endpoint
                0x000000000000b574       0x9c zephyr/libzephyr.a(usb_device.c.obj)
 .text.usb_halt_endpoint_req.isra.0
                0x000000000000b610       0x8c zephyr/libzephyr.a(usb_device.c.obj)
 .text.usb_handle_standard_request
                0x000000000000b69c      0x340 zephyr/libzephyr.a(usb_device.c.obj)
 .text.usb_update_sn_string_descriptor
                0x000000000000b9dc       0x80 zephyr/libzephyr.a(usb_descriptor.c.obj)
                0x000000000000b9dc                usb_update_sn_string_descriptor
 .text.usb_get_device_descriptor
                0x000000000000ba5c      0x228 zephyr/libzephyr.a(usb_descriptor.c.obj)
                0x000000000000ba5c                usb_get_device_descriptor
 .text.usb_cancel_transfer
                0x000000000000bc84       0x68 zephyr/libzephyr.a(usb_transfer.c.obj)
                0x000000000000bc84                usb_cancel_transfer
 .text.abort_function
                0x000000000000bcec        0x8 zephyr/libzephyr.a(nrf_cc3xx_platform_abort_zephyr.c.obj)
 .text.nrf_cc3xx_platform_abort_init
                0x000000000000bcf4        0xc zephyr/libzephyr.a(nrf_cc3xx_platform_abort_zephyr.c.obj)
                0x000000000000bcf4                nrf_cc3xx_platform_abort_init
 .text.mutex_unlock_platform
                0x000000000000bd00       0x54 zephyr/libzephyr.a(nrf_cc3xx_platform_mutex_zephyr.c.obj)
 .text.mutex_lock_platform
                0x000000000000bd54       0x60 zephyr/libzephyr.a(nrf_cc3xx_platform_mutex_zephyr.c.obj)
 .text.mutex_free_platform
                0x000000000000bdb4       0x58 zephyr/libzephyr.a(nrf_cc3xx_platform_mutex_zephyr.c.obj)
 .text.mutex_init_platform
                0x000000000000be0c       0xa8 zephyr/libzephyr.a(nrf_cc3xx_platform_mutex_zephyr.c.obj)
 .text.nrf_cc3xx_platform_mutex_init
                0x000000000000beb4       0x2c zephyr/libzephyr.a(nrf_cc3xx_platform_mutex_zephyr.c.obj)
                0x000000000000beb4                nrf_cc3xx_platform_mutex_init
 .text.z_arm_cpu_idle_init
                0x000000000000bee0        0xc zephyr/arch/arch/arm/core/aarch32/libarch__arm__core__aarch32.a(cpu_idle.S.obj)
                0x000000000000bee0                z_arm_cpu_idle_init
 .text.arch_cpu_idle
                0x000000000000beec       0x1c zephyr/arch/arch/arm/core/aarch32/libarch__arm__core__aarch32.a(cpu_idle.S.obj)
                0x000000000000beec                arch_cpu_idle
 .text.z_arm_fatal_error
                0x000000000000bf08        0x4 zephyr/arch/arch/arm/core/aarch32/libarch__arm__core__aarch32.a(fatal.c.obj)
                0x000000000000bf08                z_arm_fatal_error
 .text.z_do_kernel_oops
                0x000000000000bf0c        0x8 zephyr/arch/arch/arm/core/aarch32/libarch__arm__core__aarch32.a(fatal.c.obj)
                0x000000000000bf0c                z_do_kernel_oops
 .text.arch_irq_enable
                0x000000000000bf14       0x1c zephyr/arch/arch/arm/core/aarch32/libarch__arm__core__aarch32.a(irq_manage.c.obj)
                0x000000000000bf14                arch_irq_enable
 .text.arch_irq_disable
                0x000000000000bf30       0x28 zephyr/arch/arch/arm/core/aarch32/libarch__arm__core__aarch32.a(irq_manage.c.obj)
                0x000000000000bf30                arch_irq_disable
 .text.arch_irq_is_enabled
                0x000000000000bf58       0x1c zephyr/arch/arch/arm/core/aarch32/libarch__arm__core__aarch32.a(irq_manage.c.obj)
                0x000000000000bf58                arch_irq_is_enabled
 .text.z_arm_irq_priority_set
                0x000000000000bf74       0x2c zephyr/arch/arch/arm/core/aarch32/libarch__arm__core__aarch32.a(irq_manage.c.obj)
                0x000000000000bf74                z_arm_irq_priority_set
 .text.z_irq_spurious
                0x000000000000bfa0        0x8 zephyr/arch/arch/arm/core/aarch32/libarch__arm__core__aarch32.a(irq_manage.c.obj)
                0x000000000000bfa0                z_irq_spurious
 .text.z_arm_nmi
                0x000000000000bfa8       0x10 zephyr/arch/arch/arm/core/aarch32/libarch__arm__core__aarch32.a(nmi.c.obj)
                0x000000000000bfa8                z_arm_nmi
 .text.z_SysNmiOnReset
                0x000000000000bfb8        0x8 zephyr/arch/arch/arm/core/aarch32/libarch__arm__core__aarch32.a(nmi_on_reset.S.obj)
                0x000000000000bfb8                z_SysNmiOnReset
 .text.z_arm_prep_c
                0x000000000000bfc0       0x60 zephyr/arch/arch/arm/core/aarch32/libarch__arm__core__aarch32.a(prep_c.c.obj)
                0x000000000000bfc0                z_arm_prep_c
 .text.arch_swap
                0x000000000000c020       0x38 zephyr/arch/arch/arm/core/aarch32/libarch__arm__core__aarch32.a(swap.c.obj)
                0x000000000000c020                arch_swap
 .text.z_arm_pendsv
                0x000000000000c058       0x90 zephyr/arch/arch/arm/core/aarch32/libarch__arm__core__aarch32.a(swap_helper.S.obj)
                0x000000000000c058                z_arm_pendsv
 .text.z_arm_svc
                0x000000000000c0e8       0x20 zephyr/arch/arch/arm/core/aarch32/libarch__arm__core__aarch32.a(swap_helper.S.obj)
                0x000000000000c0e8                z_arm_svc
 .text.arch_new_thread
                0x000000000000c108       0x5c zephyr/arch/arch/arm/core/aarch32/libarch__arm__core__aarch32.a(thread.c.obj)
                0x000000000000c108                arch_new_thread
 .text.z_arm_mpu_stack_guard_and_fpu_adjust
                0x000000000000c164       0x70 zephyr/arch/arch/arm/core/aarch32/libarch__arm__core__aarch32.a(thread.c.obj)
                0x000000000000c164                z_arm_mpu_stack_guard_and_fpu_adjust
 .text.z_check_thread_stack_fail
                0x000000000000c1d4       0x48 zephyr/arch/arch/arm/core/aarch32/libarch__arm__core__aarch32.a(thread.c.obj)
                0x000000000000c1d4                z_check_thread_stack_fail
 .text.arch_float_disable
                0x000000000000c21c       0x4c zephyr/arch/arch/arm/core/aarch32/libarch__arm__core__aarch32.a(thread.c.obj)
                0x000000000000c21c                arch_float_disable
 .text.arch_switch_to_main_thread
                0x000000000000c268       0x48 zephyr/arch/arch/arm/core/aarch32/libarch__arm__core__aarch32.a(thread.c.obj)
                0x000000000000c268                arch_switch_to_main_thread
 .text._isr_wrapper
                0x000000000000c2b0       0x28 zephyr/arch/arch/arm/core/aarch32/libarch__arm__core__aarch32.a(isr_wrapper.S.obj)
                0x000000000000c2b0                _isr_wrapper
 .text._HandlerModeExit
                0x000000000000c2d8       0x1c zephyr/arch/arch/arm/core/aarch32/cortex_m/libarch__arm__core__aarch32__cortex_m.a(exc_exit.S.obj)
                0x000000000000c2d8                z_arm_exc_exit
                0x000000000000c2d8                z_arm_int_exit
 .text.mem_manage_fault
                0x000000000000c2f4       0xa8 zephyr/arch/arch/arm/core/aarch32/cortex_m/libarch__arm__core__aarch32__cortex_m.a(fault.c.obj)
 .text.usage_fault.constprop.0
                0x000000000000c39c       0x58 zephyr/arch/arch/arm/core/aarch32/cortex_m/libarch__arm__core__aarch32__cortex_m.a(fault.c.obj)
 .text.bus_fault.constprop.0
                0x000000000000c3f4       0x74 zephyr/arch/arch/arm/core/aarch32/cortex_m/libarch__arm__core__aarch32__cortex_m.a(fault.c.obj)
 .text.z_arm_fault
                0x000000000000c468      0x164 zephyr/arch/arch/arm/core/aarch32/cortex_m/libarch__arm__core__aarch32__cortex_m.a(fault.c.obj)
                0x000000000000c468                z_arm_fault
 .text.z_arm_fault_init
                0x000000000000c5cc       0x10 zephyr/arch/arch/arm/core/aarch32/cortex_m/libarch__arm__core__aarch32__cortex_m.a(fault.c.obj)
                0x000000000000c5cc                z_arm_fault_init
 .text.__fault  0x000000000000c5dc       0x14 zephyr/arch/arch/arm/core/aarch32/cortex_m/libarch__arm__core__aarch32__cortex_m.a(fault_s.S.obj)
                0x000000000000c5dc                z_arm_bus_fault
                0x000000000000c5dc                z_arm_usage_fault
                0x000000000000c5dc                z_arm_mpu_fault
                0x000000000000c5dc                z_arm_exc_spurious
                0x000000000000c5dc                z_arm_debug_monitor
                0x000000000000c5dc                z_arm_hard_fault
 .text.z_arm_interrupt_init
                0x000000000000c5f0       0x18 zephyr/arch/arch/arm/core/aarch32/cortex_m/libarch__arm__core__aarch32__cortex_m.a(irq_init.c.obj)
                0x000000000000c5f0                z_arm_interrupt_init
 .text._reset_section
                0x000000000000c608       0x54 zephyr/arch/arch/arm/core/aarch32/cortex_m/libarch__arm__core__aarch32__cortex_m.a(reset.S.obj)
                0x000000000000c608                z_arm_reset
                0x000000000000c608                __start
 .text.sys_arch_reboot
                0x000000000000c65c       0x24 zephyr/arch/arch/arm/core/aarch32/cortex_m/libarch__arm__core__aarch32__cortex_m.a(scb.c.obj)
                0x000000000000c65c                sys_arch_reboot
 .text.z_arm_init_arch_hw_at_boot
                0x000000000000c680       0x84 zephyr/arch/arch/arm/core/aarch32/cortex_m/libarch__arm__core__aarch32__cortex_m.a(scb.c.obj)
                0x000000000000c680                z_arm_init_arch_hw_at_boot
 .text.z_impl_k_thread_abort
                0x000000000000c704       0x34 zephyr/arch/arch/arm/core/aarch32/cortex_m/libarch__arm__core__aarch32__cortex_m.a(thread_abort.c.obj)
                0x000000000000c704                z_impl_k_thread_abort
 .text.z_arm_configure_static_mpu_regions
                0x000000000000c738       0x18 zephyr/arch/arch/arm/core/aarch32/mpu/libarch__arm__core__aarch32__mpu.a(arm_core_mpu.c.obj)
                0x000000000000c738                z_arm_configure_static_mpu_regions
 .text.z_arm_configure_dynamic_mpu_regions
                0x000000000000c750       0x2c zephyr/arch/arch/arm/core/aarch32/mpu/libarch__arm__core__aarch32__mpu.a(arm_core_mpu.c.obj)
                0x000000000000c750                z_arm_configure_dynamic_mpu_regions
 .text.arm_core_mpu_configure_static_mpu_regions
                0x000000000000c77c       0xa0 zephyr/arch/arch/arm/core/aarch32/mpu/libarch__arm__core__aarch32__mpu.a(arm_mpu.c.obj)
                0x000000000000c77c                arm_core_mpu_configure_static_mpu_regions
 .text.arm_core_mpu_configure_dynamic_mpu_regions
                0x000000000000c81c       0xb0 zephyr/arch/arch/arm/core/aarch32/mpu/libarch__arm__core__aarch32__mpu.a(arm_mpu.c.obj)
                0x000000000000c81c                arm_core_mpu_configure_dynamic_mpu_regions
 .text.z_arm_mpu_init
                0x000000000000c8cc       0x74 zephyr/arch/arch/arm/core/aarch32/mpu/libarch__arm__core__aarch32__mpu.a(arm_mpu.c.obj)
                0x000000000000c8cc                z_arm_mpu_init
 .text.malloc_prepare
                0x000000000000c940        0x4 zephyr/lib/libc/newlib/liblib__libc__newlib.a(libc-hooks.c.obj)
 .text._stdout_hook_default
                0x000000000000c944        0x8 zephyr/lib/libc/newlib/liblib__libc__newlib.a(libc-hooks.c.obj)
 .text._stdin_hook_default
                0x000000000000c94c        0x4 zephyr/lib/libc/newlib/liblib__libc__newlib.a(libc-hooks.c.obj)
 .text.z_impl_zephyr_write_stdout
                0x000000000000c950       0x30 zephyr/lib/libc/newlib/liblib__libc__newlib.a(libc-hooks.c.obj)
                0x000000000000c950                z_impl_zephyr_write_stdout
 .text._read    0x000000000000c980       0x3c zephyr/lib/libc/newlib/liblib__libc__newlib.a(libc-hooks.c.obj)
                0x000000000000c980                read
                0x000000000000c980                _read
 .text._write   0x000000000000c9bc       0x30 zephyr/lib/libc/newlib/liblib__libc__newlib.a(libc-hooks.c.obj)
                0x000000000000c9bc                write
                0x000000000000c9bc                _write
 .text._close   0x000000000000c9ec        0x8 zephyr/lib/libc/newlib/liblib__libc__newlib.a(libc-hooks.c.obj)
                0x000000000000c9ec                close
                0x000000000000c9ec                _close
 .text._lseek   0x000000000000c9f4        0x4 zephyr/lib/libc/newlib/liblib__libc__newlib.a(libc-hooks.c.obj)
                0x000000000000c9f4                lseek
                0x000000000000c9f4                _lseek
 .text._isatty  0x000000000000c9f8        0xc zephyr/lib/libc/newlib/liblib__libc__newlib.a(libc-hooks.c.obj)
                0x000000000000c9f8                isatty
                0x000000000000c9f8                _isatty
 .text._fstat   0x000000000000ca04        0xc zephyr/lib/libc/newlib/liblib__libc__newlib.a(libc-hooks.c.obj)
                0x000000000000ca04                _fstat
                0x000000000000ca04                fstat
 .text._sbrk    0x000000000000ca10       0x2c zephyr/lib/libc/newlib/liblib__libc__newlib.a(libc-hooks.c.obj)
                0x000000000000ca10                _sbrk
                0x000000000000ca10                sbrk
 .text.__retarget_lock_init_recursive
                0x000000000000ca3c       0x14 zephyr/lib/libc/newlib/liblib__libc__newlib.a(libc-hooks.c.obj)
                0x000000000000ca3c                __retarget_lock_init_recursive
 .text.__retarget_lock_acquire_recursive
                0x000000000000ca50        0xc zephyr/lib/libc/newlib/liblib__libc__newlib.a(libc-hooks.c.obj)
                0x000000000000ca50                __retarget_lock_acquire_recursive
 .text.__retarget_lock_release_recursive
                0x000000000000ca5c        0x4 zephyr/lib/libc/newlib/liblib__libc__newlib.a(libc-hooks.c.obj)
                0x000000000000ca5c                __retarget_lock_release_recursive
 .text.__errno  0x000000000000ca60        0x4 zephyr/lib/libc/newlib/liblib__libc__newlib.a(libc-hooks.c.obj)
                0x000000000000ca60                __errno
 .text.__chk_fail
                0x000000000000ca64       0x1c zephyr/lib/libc/newlib/liblib__libc__newlib.a(libc-hooks.c.obj)
                0x000000000000ca64                __chk_fail
 .text.abort    0x000000000000ca80       0x18 zephyr/lib/libc/common/liblib__libc__common.a(abort.c.obj)
                0x000000000000ca80                abort
 .text.nordicsemi_nrf52_init
                0x000000000000ca98       0x50 zephyr/soc/soc/arm/nordic_nrf/nrf52/libsoc__arm__nordic_nrf__nrf52.a(soc.c.obj)
 .text.arch_busy_wait
                0x000000000000cae8       0x14 zephyr/soc/soc/arm/nordic_nrf/nrf52/libsoc__arm__nordic_nrf__nrf52.a(soc.c.obj)
                0x000000000000cae8                arch_busy_wait
 .text.board_nrf52840dongle_nrf52840_init
                0x000000000000cafc       0x7c zephyr/boards/arm/nrf52840dongle_nrf52840/libboards__arm__nrf52840dongle_nrf52840.a(board.c.obj)
 .text.endpoint_ctx
                0x000000000000cb78       0x60 zephyr/drivers/usb/device/libdrivers__usb__device.a(usb_dc_nrfx.c.obj)
 .text.usb_init
                0x000000000000cbd8       0x70 zephyr/drivers/usb/device/libdrivers__usb__device.a(usb_dc_nrfx.c.obj)
 .text.eps_ctx_init
                0x000000000000cc48      0x134 zephyr/drivers/usb/device/libdrivers__usb__device.a(usb_dc_nrfx.c.obj)
 .text.usb_dc_power_event_handler
                0x000000000000cd7c       0xa4 zephyr/drivers/usb/device/libdrivers__usb__device.a(usb_dc_nrfx.c.obj)
 .text.usbd_work_handler
                0x000000000000ce20      0x48c zephyr/drivers/usb/device/libdrivers__usb__device.a(usb_dc_nrfx.c.obj)
 .text.usbd_event_transfer_data
                0x000000000000d2ac      0x17c zephyr/drivers/usb/device/libdrivers__usb__device.a(usb_dc_nrfx.c.obj)
 .text.usbd_event_handler
                0x000000000000d428      0x218 zephyr/drivers/usb/device/libdrivers__usb__device.a(usb_dc_nrfx.c.obj)
 .text.usb_dc_set_address
                0x000000000000d640       0x24 zephyr/drivers/usb/device/libdrivers__usb__device.a(usb_dc_nrfx.c.obj)
                0x000000000000d640                usb_dc_set_address
 .text.usb_dc_ep_check_cap
                0x000000000000d664       0x30 zephyr/drivers/usb/device/libdrivers__usb__device.a(usb_dc_nrfx.c.obj)
                0x000000000000d664                usb_dc_ep_check_cap
 .text.usb_dc_ep_configure
                0x000000000000d694       0x48 zephyr/drivers/usb/device/libdrivers__usb__device.a(usb_dc_nrfx.c.obj)
                0x000000000000d694                usb_dc_ep_configure
 .text.usb_dc_ep_set_stall
                0x000000000000d6dc       0x50 zephyr/drivers/usb/device/libdrivers__usb__device.a(usb_dc_nrfx.c.obj)
                0x000000000000d6dc                usb_dc_ep_set_stall
 .text.usb_dc_ep_clear_stall
                0x000000000000d72c       0x40 zephyr/drivers/usb/device/libdrivers__usb__device.a(usb_dc_nrfx.c.obj)
                0x000000000000d72c                usb_dc_ep_clear_stall
 .text.usb_dc_ep_is_stalled
                0x000000000000d76c       0x38 zephyr/drivers/usb/device/libdrivers__usb__device.a(usb_dc_nrfx.c.obj)
                0x000000000000d76c                usb_dc_ep_is_stalled
 .text.usb_dc_ep_enable
                0x000000000000d7a4       0x58 zephyr/drivers/usb/device/libdrivers__usb__device.a(usb_dc_nrfx.c.obj)
                0x000000000000d7a4                usb_dc_ep_enable
 .text.usb_dc_ep_disable
                0x000000000000d7fc       0x4c zephyr/drivers/usb/device/libdrivers__usb__device.a(usb_dc_nrfx.c.obj)
                0x000000000000d7fc                usb_dc_ep_disable
 .text.init_saadc
                0x000000000000d848       0x48 zephyr/drivers/adc/libdrivers__adc.a(adc_nrfx_saadc.c.obj)
 .text.adc_nrfx_channel_setup
                0x000000000000d890       0xf4 zephyr/drivers/adc/libdrivers__adc.a(adc_nrfx_saadc.c.obj)
 .text.adc_context_on_timer_expired
                0x000000000000d984       0x44 zephyr/drivers/adc/libdrivers__adc.a(adc_nrfx_saadc.c.obj)
 .text.start_read.constprop.0
                0x000000000000d9c8      0x1a4 zephyr/drivers/adc/libdrivers__adc.a(adc_nrfx_saadc.c.obj)
 .text.adc_nrfx_read
                0x000000000000db6c       0x40 zephyr/drivers/adc/libdrivers__adc.a(adc_nrfx_saadc.c.obj)
 .text.adc_nrfx_read_async
                0x000000000000dbac       0x40 zephyr/drivers/adc/libdrivers__adc.a(adc_nrfx_saadc.c.obj)
 .text.saadc_irq_handler
                0x000000000000dbec       0xf4 zephyr/drivers/adc/libdrivers__adc.a(adc_nrfx_saadc.c.obj)
 .text.get_status
                0x000000000000dce0       0x14 zephyr/drivers/clock_control/libdrivers__clock_control.a(clock_control_nrf.c.obj)
 .text.async_start
                0x000000000000dcf4       0x64 zephyr/drivers/clock_control/libdrivers__clock_control.a(clock_control_nrf.c.obj)
 .text.onoff_stop
                0x000000000000dd58       0x7c zephyr/drivers/clock_control/libdrivers__clock_control.a(clock_control_nrf.c.obj)
 .text.onoff_started_callback
                0x000000000000ddd4       0x10 zephyr/drivers/clock_control/libdrivers__clock_control.a(clock_control_nrf.c.obj)
 .text.onoff_start
                0x000000000000dde4       0x48 zephyr/drivers/clock_control/libdrivers__clock_control.a(clock_control_nrf.c.obj)
 .text.lfclk_start
                0x000000000000de2c        0x8 zephyr/drivers/clock_control/libdrivers__clock_control.a(clock_control_nrf.c.obj)
 .text.generic_hfclk_stop
                0x000000000000de34       0x40 zephyr/drivers/clock_control/libdrivers__clock_control.a(clock_control_nrf.c.obj)
 .text.lfclk_stop
                0x000000000000de74        0x8 zephyr/drivers/clock_control/libdrivers__clock_control.a(clock_control_nrf.c.obj)
 .text.blocking_start_callback
                0x000000000000de7c        0x8 zephyr/drivers/clock_control/libdrivers__clock_control.a(clock_control_nrf.c.obj)
 .text.clk_init
                0x000000000000de84       0x58 zephyr/drivers/clock_control/libdrivers__clock_control.a(clock_control_nrf.c.obj)
 .text.api_stop
                0x000000000000dedc       0x50 zephyr/drivers/clock_control/libdrivers__clock_control.a(clock_control_nrf.c.obj)
 .text.clkstarted_handle.constprop.0
                0x000000000000df2c       0x50 zephyr/drivers/clock_control/libdrivers__clock_control.a(clock_control_nrf.c.obj)
 .text.generic_hfclk_start
                0x000000000000df7c       0x78 zephyr/drivers/clock_control/libdrivers__clock_control.a(clock_control_nrf.c.obj)
 .text.clock_event_handler
                0x000000000000dff4       0x1c zephyr/drivers/clock_control/libdrivers__clock_control.a(clock_control_nrf.c.obj)
 .text.api_start
                0x000000000000e010       0x64 zephyr/drivers/clock_control/libdrivers__clock_control.a(clock_control_nrf.c.obj)
 .text.z_nrf_clock_control_lf_on
                0x000000000000e074       0xac zephyr/drivers/clock_control/libdrivers__clock_control.a(clock_control_nrf.c.obj)
                0x000000000000e074                z_nrf_clock_control_lf_on
 .text.flash_nrf_pages_layout
                0x000000000000e120       0x10 zephyr/drivers/flash/libdrivers__flash.a(soc_flash_nrf.c.obj)
 .text.flash_nrf_get_parameters
                0x000000000000e130        0x8 zephyr/drivers/flash/libdrivers__flash.a(soc_flash_nrf.c.obj)
 .text.suspend_pofwarn
                0x000000000000e138       0x5c zephyr/drivers/flash/libdrivers__flash.a(soc_flash_nrf.c.obj)
 .text.nrf_flash_init
                0x000000000000e194       0x28 zephyr/drivers/flash/libdrivers__flash.a(soc_flash_nrf.c.obj)
 .text.flash_nrf_write
                0x000000000000e1bc       0xbc zephyr/drivers/flash/libdrivers__flash.a(soc_flash_nrf.c.obj)
 .text.flash_nrf_read
                0x000000000000e278       0x30 zephyr/drivers/flash/libdrivers__flash.a(soc_flash_nrf.c.obj)
 .text.flash_nrf_erase
                0x000000000000e2a8       0xb8 zephyr/drivers/flash/libdrivers__flash.a(soc_flash_nrf.c.obj)
 .text.flash_get_page_info
                0x000000000000e360       0x84 zephyr/drivers/flash/libdrivers__flash.a(flash_page_layout.c.obj)
 .text.z_impl_flash_get_page_info_by_offs
                0x000000000000e3e4        0x8 zephyr/drivers/flash/libdrivers__flash.a(flash_page_layout.c.obj)
                0x000000000000e3e4                z_impl_flash_get_page_info_by_offs
 .text.gpio_nrfx_port_get_raw
                0x000000000000e3ec       0x10 zephyr/drivers/gpio/libdrivers__gpio.a(gpio_nrfx.c.obj)
 .text.gpio_nrfx_port_set_masked_raw
                0x000000000000e3fc       0x18 zephyr/drivers/gpio/libdrivers__gpio.a(gpio_nrfx.c.obj)
 .text.gpio_nrfx_port_set_bits_raw
                0x000000000000e414        0xc zephyr/drivers/gpio/libdrivers__gpio.a(gpio_nrfx.c.obj)
 .text.gpio_nrfx_port_clear_bits_raw
                0x000000000000e420        0xc zephyr/drivers/gpio/libdrivers__gpio.a(gpio_nrfx.c.obj)
 .text.gpio_nrfx_port_toggle_bits
                0x000000000000e42c       0x1c zephyr/drivers/gpio/libdrivers__gpio.a(gpio_nrfx.c.obj)
 .text.gpio_nrfx_manage_callback
                0x000000000000e448       0x60 zephyr/drivers/gpio/libdrivers__gpio.a(gpio_nrfx.c.obj)
 .text.gpio_nrfx_pin_interrupt_configure
                0x000000000000e4a8       0xe8 zephyr/drivers/gpio/libdrivers__gpio.a(gpio_nrfx.c.obj)
 .text.gpio_nrfx_pin_configure
                0x000000000000e590      0x134 zephyr/drivers/gpio/libdrivers__gpio.a(gpio_nrfx.c.obj)
 .text.gpio_nrfx_init
                0x000000000000e6c4       0x3c zephyr/drivers/gpio/libdrivers__gpio.a(gpio_nrfx.c.obj)
 .text.nrfx_gpio_handler
                0x000000000000e700       0x50 zephyr/drivers/gpio/libdrivers__gpio.a(gpio_nrfx.c.obj)
 .text.z_impl_hwinfo_get_device_id
                0x000000000000e750       0x2c zephyr/drivers/hwinfo/libdrivers__hwinfo.a(hwinfo_nrf.c.obj)
                0x000000000000e750                z_impl_hwinfo_get_device_id
 .text.sys_clock_timeout_handler
                0x000000000000e77c       0x54 zephyr/drivers/timer/libdrivers__timer.a(nrf_rtc_timer.c.obj)
 .text.compare_set
                0x000000000000e7d0      0x230 zephyr/drivers/timer/libdrivers__timer.a(nrf_rtc_timer.c.obj)
 .text.sys_clock_set_timeout
                0x000000000000ea00       0xa0 zephyr/drivers/timer/libdrivers__timer.a(nrf_rtc_timer.c.obj)
                0x000000000000ea00                sys_clock_set_timeout
 .text.sys_clock_elapsed
                0x000000000000eaa0       0x5c zephyr/drivers/timer/libdrivers__timer.a(nrf_rtc_timer.c.obj)
                0x000000000000eaa0                sys_clock_elapsed
 .text.sys_clock_cycle_get_32
                0x000000000000eafc       0x44 zephyr/drivers/timer/libdrivers__timer.a(nrf_rtc_timer.c.obj)
                0x000000000000eafc                sys_clock_cycle_get_32
 .text.sys_clock_disable
                0x000000000000eb40       0x30 zephyr/drivers/timer/libdrivers__timer.a(nrf_rtc_timer.c.obj)
                0x000000000000eb40                sys_clock_disable
 .text.k_sys_fatal_error_handler
                0x000000000000eb70        0x8 modules/nrf/lib/fatal_error/lib..__nrf__lib__fatal_error.a(fatal_error.c.obj)
                0x000000000000eb70                k_sys_fatal_error_handler
 .text.hw_cc3xx_init_internal
                0x000000000000eb78        0x4 modules/nrf/drivers/hw_cc310/lib..__nrf__drivers__hw_cc310.a(hw_cc310.c.obj)
 .text.hw_cc3xx_init
                0x000000000000eb7c       0x14 modules/nrf/drivers/hw_cc310/lib..__nrf__drivers__hw_cc310.a(hw_cc310.c.obj)
 .text.__NVIC_SystemReset
                0x000000000000eb90       0x24 modules/hal_nordic/nrfx/libmodules__hal_nordic__nrfx.a(system_nrf52840.c.obj)
 .text.SystemInit
                0x000000000000ebb4      0x28c modules/hal_nordic/nrfx/libmodules__hal_nordic__nrfx.a(system_nrf52840.c.obj)
                0x000000000000ebb4                SystemInit
 .text.nrfx_isr
                0x000000000000ee40        0x4 modules/hal_nordic/nrfx/libmodules__hal_nordic__nrfx.a(nrfx_glue.c.obj)
                0x000000000000ee40                nrfx_isr
 .text.nrfx_busy_wait
                0x000000000000ee44        0x4 modules/hal_nordic/nrfx/libmodules__hal_nordic__nrfx.a(nrfx_glue.c.obj)
                0x000000000000ee44                nrfx_busy_wait
 .text.nrfx_flag32_alloc
                0x000000000000ee48       0x48 modules/hal_nordic/nrfx/libmodules__hal_nordic__nrfx.a(nrfx_flag32_allocator.c.obj)
                0x000000000000ee48                nrfx_flag32_alloc
 .text.nrfx_flag32_free
                0x000000000000ee90       0x60 modules/hal_nordic/nrfx/libmodules__hal_nordic__nrfx.a(nrfx_flag32_allocator.c.obj)
                0x000000000000ee90                nrfx_flag32_free
 .text.clock_stop
                0x000000000000eef0       0xd8 modules/hal_nordic/nrfx/libmodules__hal_nordic__nrfx.a(nrfx_clock.c.obj)
 .text.nrfx_clock_init
                0x000000000000efc8       0x24 modules/hal_nordic/nrfx/libmodules__hal_nordic__nrfx.a(nrfx_clock.c.obj)
                0x000000000000efc8                nrfx_clock_init
 .text.nrfx_clock_enable
                0x000000000000efec       0x28 modules/hal_nordic/nrfx/libmodules__hal_nordic__nrfx.a(nrfx_clock.c.obj)
                0x000000000000efec                nrfx_clock_enable
 .text.nrfx_clock_start
                0x000000000000f014       0x74 modules/hal_nordic/nrfx/libmodules__hal_nordic__nrfx.a(nrfx_clock.c.obj)
                0x000000000000f014                nrfx_clock_start
 .text.nrfx_clock_stop
                0x000000000000f088        0x4 modules/hal_nordic/nrfx/libmodules__hal_nordic__nrfx.a(nrfx_clock.c.obj)
                0x000000000000f088                nrfx_clock_stop
 .text.nrfx_clock_irq_handler
                0x000000000000f08c       0x60 modules/hal_nordic/nrfx/libmodules__hal_nordic__nrfx.a(nrfx_clock.c.obj)
                0x000000000000f08c                nrfx_clock_irq_handler
 .text.call_handler
                0x000000000000f0ec       0x4c modules/hal_nordic/nrfx/libmodules__hal_nordic__nrfx.a(nrfx_gpiote.c.obj)
 .text.release_handler
                0x000000000000f138       0x68 modules/hal_nordic/nrfx/libmodules__hal_nordic__nrfx.a(nrfx_gpiote.c.obj)
 .text.nrfx_gpiote_input_configure
                0x000000000000f1a0      0x18c modules/hal_nordic/nrfx/libmodules__hal_nordic__nrfx.a(nrfx_gpiote.c.obj)
                0x000000000000f1a0                nrfx_gpiote_input_configure
 .text.nrfx_gpiote_output_configure
                0x000000000000f32c      0x124 modules/hal_nordic/nrfx/libmodules__hal_nordic__nrfx.a(nrfx_gpiote.c.obj)
                0x000000000000f32c                nrfx_gpiote_output_configure
 .text.nrfx_gpiote_global_callback_set
                0x000000000000f450        0xc modules/hal_nordic/nrfx/libmodules__hal_nordic__nrfx.a(nrfx_gpiote.c.obj)
                0x000000000000f450                nrfx_gpiote_global_callback_set
 .text.nrfx_gpiote_channel_get
                0x000000000000f45c       0x34 modules/hal_nordic/nrfx/libmodules__hal_nordic__nrfx.a(nrfx_gpiote.c.obj)
                0x000000000000f45c                nrfx_gpiote_channel_get
 .text.nrfx_gpiote_init
                0x000000000000f490       0x50 modules/hal_nordic/nrfx/libmodules__hal_nordic__nrfx.a(nrfx_gpiote.c.obj)
                0x000000000000f490                nrfx_gpiote_init
 .text.nrfx_gpiote_is_init
                0x000000000000f4e0       0x14 modules/hal_nordic/nrfx/libmodules__hal_nordic__nrfx.a(nrfx_gpiote.c.obj)
                0x000000000000f4e0                nrfx_gpiote_is_init
 .text.nrfx_gpiote_channel_free
                0x000000000000f4f4        0xc modules/hal_nordic/nrfx/libmodules__hal_nordic__nrfx.a(nrfx_gpiote.c.obj)
                0x000000000000f4f4                nrfx_gpiote_channel_free
 .text.nrfx_gpiote_channel_alloc
                0x000000000000f500        0xc modules/hal_nordic/nrfx/libmodules__hal_nordic__nrfx.a(nrfx_gpiote.c.obj)
                0x000000000000f500                nrfx_gpiote_channel_alloc
 .text.nrfx_gpiote_trigger_enable
                0x000000000000f50c       0xdc modules/hal_nordic/nrfx/libmodules__hal_nordic__nrfx.a(nrfx_gpiote.c.obj)
                0x000000000000f50c                nrfx_gpiote_trigger_enable
 .text.nrfx_gpiote_trigger_disable
                0x000000000000f5e8       0x80 modules/hal_nordic/nrfx/libmodules__hal_nordic__nrfx.a(nrfx_gpiote.c.obj)
                0x000000000000f5e8                nrfx_gpiote_trigger_disable
 .text.nrfx_gpiote_pin_uninit
                0x000000000000f668       0x9c modules/hal_nordic/nrfx/libmodules__hal_nordic__nrfx.a(nrfx_gpiote.c.obj)
                0x000000000000f668                nrfx_gpiote_pin_uninit
 .text.nrfx_gpiote_irq_handler
                0x000000000000f704      0x2a4 modules/hal_nordic/nrfx/libmodules__hal_nordic__nrfx.a(nrfx_gpiote.c.obj)
                0x000000000000f704                nrfx_gpiote_irq_handler
 .text.nrfx_nvmc_page_erase
                0x000000000000f9a8       0x40 modules/hal_nordic/nrfx/libmodules__hal_nordic__nrfx.a(nrfx_nvmc.c.obj)
                0x000000000000f9a8                nrfx_nvmc_page_erase
 .text.nrfx_nvmc_word_write
                0x000000000000f9e8       0x24 modules/hal_nordic/nrfx/libmodules__hal_nordic__nrfx.a(nrfx_nvmc.c.obj)
                0x000000000000f9e8                nrfx_nvmc_word_write
 .text.nrfx_nvmc_flash_size_get
                0x000000000000fa0c       0x10 modules/hal_nordic/nrfx/libmodules__hal_nordic__nrfx.a(nrfx_nvmc.c.obj)
                0x000000000000fa0c                nrfx_nvmc_flash_size_get
 .text.nrfx_nvmc_flash_page_size_get
                0x000000000000fa1c        0x8 modules/hal_nordic/nrfx/libmodules__hal_nordic__nrfx.a(nrfx_nvmc.c.obj)
                0x000000000000fa1c                nrfx_nvmc_flash_page_size_get
 .text.nrfx_nvmc_flash_page_count_get
                0x000000000000fa24        0x8 modules/hal_nordic/nrfx/libmodules__hal_nordic__nrfx.a(nrfx_nvmc.c.obj)
                0x000000000000fa24                nrfx_nvmc_flash_page_count_get
 .text.nrfx_power_init
                0x000000000000fa2c       0x7c modules/hal_nordic/nrfx/libmodules__hal_nordic__nrfx.a(nrfx_power.c.obj)
                0x000000000000fa2c                nrfx_power_init
 .text.nrfx_power_usbevt_init
                0x000000000000faa8       0x18 modules/hal_nordic/nrfx/libmodules__hal_nordic__nrfx.a(nrfx_power.c.obj)
                0x000000000000faa8                nrfx_power_usbevt_init
 .text.nrfx_power_usbevt_enable
                0x000000000000fac0       0x10 modules/hal_nordic/nrfx/libmodules__hal_nordic__nrfx.a(nrfx_power.c.obj)
                0x000000000000fac0                nrfx_power_usbevt_enable
 .text.nrfx_power_usbevt_disable
                0x000000000000fad0       0x10 modules/hal_nordic/nrfx/libmodules__hal_nordic__nrfx.a(nrfx_power.c.obj)
                0x000000000000fad0                nrfx_power_usbevt_disable
 .text.nrfx_power_irq_handler
                0x000000000000fae0       0xe0 modules/hal_nordic/nrfx/libmodules__hal_nordic__nrfx.a(nrfx_power.c.obj)
                0x000000000000fae0                nrfx_power_irq_handler
 .text.nrfx_power_clock_irq_handler
                0x000000000000fbc0       0x10 modules/hal_nordic/nrfx/libmodules__hal_nordic__nrfx.a(nrfx_power.c.obj)
                0x000000000000fbc0                nrfx_power_clock_irq_handler
 .text.nrfx_usbd_consumer
                0x000000000000fbd0       0x38 modules/hal_nordic/nrfx/libmodules__hal_nordic__nrfx.a(nrfx_usbd.c.obj)
                0x000000000000fbd0                nrfx_usbd_consumer
 .text.nrfx_usbd_feeder_ram
                0x000000000000fc08       0x28 modules/hal_nordic/nrfx/libmodules__hal_nordic__nrfx.a(nrfx_usbd.c.obj)
                0x000000000000fc08                nrfx_usbd_feeder_ram
 .text.nrfx_usbd_feeder_ram_zlp
                0x000000000000fc30       0x28 modules/hal_nordic/nrfx/libmodules__hal_nordic__nrfx.a(nrfx_usbd.c.obj)
                0x000000000000fc30                nrfx_usbd_feeder_ram_zlp
 .text.ev_usbreset_handler
                0x000000000000fc58       0x2c modules/hal_nordic/nrfx/libmodules__hal_nordic__nrfx.a(nrfx_usbd.c.obj)
 .text.ev_started_handler
                0x000000000000fc84        0x4 modules/hal_nordic/nrfx/libmodules__hal_nordic__nrfx.a(nrfx_usbd.c.obj)
 .text.ev_sof_handler
                0x000000000000fc88       0x48 modules/hal_nordic/nrfx/libmodules__hal_nordic__nrfx.a(nrfx_usbd.c.obj)
 .text.ev_usbevent_handler
                0x000000000000fcd0       0x74 modules/hal_nordic/nrfx/libmodules__hal_nordic__nrfx.a(nrfx_usbd.c.obj)
 .text.nrfx_usbd_feeder_flash
                0x000000000000fd44       0x38 modules/hal_nordic/nrfx/libmodules__hal_nordic__nrfx.a(nrfx_usbd.c.obj)
                0x000000000000fd44                nrfx_usbd_feeder_flash
 .text.nrfx_usbd_feeder_flash_zlp
                0x000000000000fd7c       0x40 modules/hal_nordic/nrfx/libmodules__hal_nordic__nrfx.a(nrfx_usbd.c.obj)
                0x000000000000fd7c                nrfx_usbd_feeder_flash_zlp
 .text.ev_dma_epout0_handler
                0x000000000000fdbc       0x98 modules/hal_nordic/nrfx/libmodules__hal_nordic__nrfx.a(nrfx_usbd.c.obj)
 .text.usbd_ep_data_handler
                0x000000000000fe54      0x14c modules/hal_nordic/nrfx/libmodules__hal_nordic__nrfx.a(nrfx_usbd.c.obj)
 .text.ev_setup_data_handler
                0x000000000000ffa0       0x1c modules/hal_nordic/nrfx/libmodules__hal_nordic__nrfx.a(nrfx_usbd.c.obj)
 .text.ev_dma_epout8_handler
                0x000000000000ffbc       0x7c modules/hal_nordic/nrfx/libmodules__hal_nordic__nrfx.a(nrfx_usbd.c.obj)
 .text.ev_dma_epin8_handler
                0x0000000000010038       0x98 modules/hal_nordic/nrfx/libmodules__hal_nordic__nrfx.a(nrfx_usbd.c.obj)
 .text.ev_dma_epin0_handler
                0x00000000000100d0       0x5c modules/hal_nordic/nrfx/libmodules__hal_nordic__nrfx.a(nrfx_usbd.c.obj)
 .text.usbd_dmareq_process.part.0
                0x000000000001012c      0x250 modules/hal_nordic/nrfx/libmodules__hal_nordic__nrfx.a(nrfx_usbd.c.obj)
 .text.ev_epdata_handler
                0x000000000001037c       0x50 modules/hal_nordic/nrfx/libmodules__hal_nordic__nrfx.a(nrfx_usbd.c.obj)
 .text.ev_dma_epout2_handler
                0x00000000000103cc       0xa0 modules/hal_nordic/nrfx/libmodules__hal_nordic__nrfx.a(nrfx_usbd.c.obj)
 .text.ev_dma_epin2_handler
                0x000000000001046c       0x5c modules/hal_nordic/nrfx/libmodules__hal_nordic__nrfx.a(nrfx_usbd.c.obj)
 .text.ev_dma_epin3_handler
                0x00000000000104c8       0x5c modules/hal_nordic/nrfx/libmodules__hal_nordic__nrfx.a(nrfx_usbd.c.obj)
 .text.ev_dma_epin1_handler
                0x0000000000010524       0x5c modules/hal_nordic/nrfx/libmodules__hal_nordic__nrfx.a(nrfx_usbd.c.obj)
 .text.ev_dma_epin4_handler
                0x0000000000010580       0x5c modules/hal_nordic/nrfx/libmodules__hal_nordic__nrfx.a(nrfx_usbd.c.obj)
 .text.ev_dma_epin5_handler
                0x00000000000105dc       0x5c modules/hal_nordic/nrfx/libmodules__hal_nordic__nrfx.a(nrfx_usbd.c.obj)
 .text.ev_dma_epin6_handler
                0x0000000000010638       0x5c modules/hal_nordic/nrfx/libmodules__hal_nordic__nrfx.a(nrfx_usbd.c.obj)
 .text.ev_dma_epin7_handler
                0x0000000000010694       0x5c modules/hal_nordic/nrfx/libmodules__hal_nordic__nrfx.a(nrfx_usbd.c.obj)
 .text.ev_dma_epout3_handler
                0x00000000000106f0       0xa0 modules/hal_nordic/nrfx/libmodules__hal_nordic__nrfx.a(nrfx_usbd.c.obj)
 .text.ev_dma_epout4_handler
                0x0000000000010790       0xa4 modules/hal_nordic/nrfx/libmodules__hal_nordic__nrfx.a(nrfx_usbd.c.obj)
 .text.ev_dma_epout5_handler
                0x0000000000010834       0xa0 modules/hal_nordic/nrfx/libmodules__hal_nordic__nrfx.a(nrfx_usbd.c.obj)
 .text.ev_dma_epout6_handler
                0x00000000000108d4       0xa0 modules/hal_nordic/nrfx/libmodules__hal_nordic__nrfx.a(nrfx_usbd.c.obj)
 .text.ev_dma_epout7_handler
                0x0000000000010974       0xa0 modules/hal_nordic/nrfx/libmodules__hal_nordic__nrfx.a(nrfx_usbd.c.obj)
 .text.ev_dma_epout1_handler
                0x0000000000010a14       0xa0 modules/hal_nordic/nrfx/libmodules__hal_nordic__nrfx.a(nrfx_usbd.c.obj)
 .text.nrfx_usbd_init
                0x0000000000010ab4       0x88 modules/hal_nordic/nrfx/libmodules__hal_nordic__nrfx.a(nrfx_usbd.c.obj)
                0x0000000000010ab4                nrfx_usbd_init
 .text.nrfx_usbd_uninit
                0x0000000000010b3c       0x14 modules/hal_nordic/nrfx/libmodules__hal_nordic__nrfx.a(nrfx_usbd.c.obj)
                0x0000000000010b3c                nrfx_usbd_uninit
 .text.nrfx_usbd_enable
                0x0000000000010b50      0x2b0 modules/hal_nordic/nrfx/libmodules__hal_nordic__nrfx.a(nrfx_usbd.c.obj)
                0x0000000000010b50                nrfx_usbd_enable
 .text.nrfx_usbd_start
                0x0000000000010e00       0x3c modules/hal_nordic/nrfx/libmodules__hal_nordic__nrfx.a(nrfx_usbd.c.obj)
                0x0000000000010e00                nrfx_usbd_start
 .text.nrfx_usbd_is_enabled
                0x0000000000010e3c       0x14 modules/hal_nordic/nrfx/libmodules__hal_nordic__nrfx.a(nrfx_usbd.c.obj)
                0x0000000000010e3c                nrfx_usbd_is_enabled
 .text.nrfx_usbd_suspend
                0x0000000000010e50       0x68 modules/hal_nordic/nrfx/libmodules__hal_nordic__nrfx.a(nrfx_usbd.c.obj)
                0x0000000000010e50                nrfx_usbd_suspend
 .text.nrfx_usbd_ep_max_packet_size_set
                0x0000000000010eb8       0x20 modules/hal_nordic/nrfx/libmodules__hal_nordic__nrfx.a(nrfx_usbd.c.obj)
                0x0000000000010eb8                nrfx_usbd_ep_max_packet_size_set
 .text.nrfx_usbd_ep_transfer
                0x0000000000010ed8      0x118 modules/hal_nordic/nrfx/libmodules__hal_nordic__nrfx.a(nrfx_usbd.c.obj)
                0x0000000000010ed8                nrfx_usbd_ep_transfer
 .text.nrfx_usbd_ep_status_get
                0x0000000000010ff0       0x54 modules/hal_nordic/nrfx/libmodules__hal_nordic__nrfx.a(nrfx_usbd.c.obj)
                0x0000000000010ff0                nrfx_usbd_ep_status_get
 .text.nrfx_usbd_ep_stall
                0x0000000000011044       0x10 modules/hal_nordic/nrfx/libmodules__hal_nordic__nrfx.a(nrfx_usbd.c.obj)
                0x0000000000011044                nrfx_usbd_ep_stall
 .text.nrfx_usbd_ep_stall_check
                0x0000000000011054       0x44 modules/hal_nordic/nrfx/libmodules__hal_nordic__nrfx.a(nrfx_usbd.c.obj)
                0x0000000000011054                nrfx_usbd_ep_stall_check
 .text.nrfx_usbd_ep_dtoggle_clear
                0x0000000000011098       0x18 modules/hal_nordic/nrfx/libmodules__hal_nordic__nrfx.a(nrfx_usbd.c.obj)
                0x0000000000011098                nrfx_usbd_ep_dtoggle_clear
 .text.nrfx_usbd_setup_get
                0x00000000000110b0       0x44 modules/hal_nordic/nrfx/libmodules__hal_nordic__nrfx.a(nrfx_usbd.c.obj)
                0x00000000000110b0                nrfx_usbd_setup_get
 .text.nrfx_usbd_setup_data_clear
                0x00000000000110f4       0x10 modules/hal_nordic/nrfx/libmodules__hal_nordic__nrfx.a(nrfx_usbd.c.obj)
                0x00000000000110f4                nrfx_usbd_setup_data_clear
 .text.nrfx_usbd_setup_clear
                0x0000000000011104       0x10 modules/hal_nordic/nrfx/libmodules__hal_nordic__nrfx.a(nrfx_usbd.c.obj)
                0x0000000000011104                nrfx_usbd_setup_clear
 .text.nrfx_usbd_setup_stall
                0x0000000000011114       0x10 modules/hal_nordic/nrfx/libmodules__hal_nordic__nrfx.a(nrfx_usbd.c.obj)
                0x0000000000011114                nrfx_usbd_setup_stall
 .text.nrfx_usbd_transfer_out_drop
                0x0000000000011124       0x58 modules/hal_nordic/nrfx/libmodules__hal_nordic__nrfx.a(nrfx_usbd.c.obj)
                0x0000000000011124                nrfx_usbd_transfer_out_drop
 .text.usbd_ep_abort
                0x000000000001117c      0x110 modules/hal_nordic/nrfx/libmodules__hal_nordic__nrfx.a(nrfx_usbd.c.obj)
 .text.nrfx_usbd_ep_abort
                0x000000000001128c        0x4 modules/hal_nordic/nrfx/libmodules__hal_nordic__nrfx.a(nrfx_usbd.c.obj)
                0x000000000001128c                nrfx_usbd_ep_abort
 .text.ev_setup_handler
                0x0000000000011290       0x84 modules/hal_nordic/nrfx/libmodules__hal_nordic__nrfx.a(nrfx_usbd.c.obj)
 .text.nrfx_usbd_irq_handler
                0x0000000000011314       0x98 modules/hal_nordic/nrfx/libmodules__hal_nordic__nrfx.a(nrfx_usbd.c.obj)
                0x0000000000011314                nrfx_usbd_irq_handler
 .text.nrfx_usbd_stop
                0x00000000000113ac       0x8c modules/hal_nordic/nrfx/libmodules__hal_nordic__nrfx.a(nrfx_usbd.c.obj)
                0x00000000000113ac                nrfx_usbd_stop
 .text.nrfx_usbd_disable
                0x0000000000011438       0x78 modules/hal_nordic/nrfx/libmodules__hal_nordic__nrfx.a(nrfx_usbd.c.obj)
                0x0000000000011438                nrfx_usbd_disable
 .text.nrfx_usbd_ep_disable
                0x00000000000114b0       0x50 modules/hal_nordic/nrfx/libmodules__hal_nordic__nrfx.a(nrfx_usbd.c.obj)
                0x00000000000114b0                nrfx_usbd_ep_disable
 .text.nrfx_usbd_ep_enable
                0x0000000000011500       0xa0 modules/hal_nordic/nrfx/libmodules__hal_nordic__nrfx.a(nrfx_usbd.c.obj)
                0x0000000000011500                nrfx_usbd_ep_enable
 .text.nrfx_usbd_ep_stall_clear
                0x00000000000115a0       0x38 modules/hal_nordic/nrfx/libmodules__hal_nordic__nrfx.a(nrfx_usbd.c.obj)
                0x00000000000115a0                nrfx_usbd_ep_stall_clear
 .text._DoInit  0x00000000000115d8       0x6c modules/segger/libmodules__segger.a(SEGGER_RTT.c.obj)
 .text.SEGGER_RTT_Init
                0x0000000000011644        0x4 modules/segger/libmodules__segger.a(SEGGER_RTT.c.obj)
                0x0000000000011644                SEGGER_RTT_Init
 .text.rtt_init
                0x0000000000011648        0xc modules/segger/libmodules__segger.a(SEGGER_RTT_zephyr.c.obj)
 .text.z_impl_k_busy_wait
                0x0000000000011654        0x8 zephyr/kernel/libkernel.a(busy_wait.c.obj)
                0x0000000000011654                z_impl_k_busy_wait
 .text.z_device_state_init
                0x000000000001165c        0x4 zephyr/kernel/libkernel.a(device.c.obj)
                0x000000000001165c                z_device_state_init
 .text.z_impl_device_get_binding
                0x0000000000011660       0x5c zephyr/kernel/libkernel.a(device.c.obj)
                0x0000000000011660                z_impl_device_get_binding
 .text.z_impl_z_errno
                0x00000000000116bc        0xc zephyr/kernel/libkernel.a(errno.c.obj)
                0x00000000000116bc                z_impl_z_errno
 .text.z_fatal_error
                0x00000000000116c8       0x38 zephyr/kernel/libkernel.a(fatal.c.obj)
                0x00000000000116c8                z_fatal_error
 .text.z_sys_init_run_level
                0x0000000000011700       0x54 zephyr/kernel/libkernel.a(init.c.obj)
 .text.bg_thread_main
                0x0000000000011754       0x34 zephyr/kernel/libkernel.a(init.c.obj)
 .text.z_early_memset
                0x0000000000011788        0x4 zephyr/kernel/libkernel.a(init.c.obj)
                0x0000000000011788                z_early_memset
 .text.z_early_memcpy
                0x000000000001178c        0x4 zephyr/kernel/libkernel.a(init.c.obj)
                0x000000000001178c                z_early_memcpy
 .text.z_bss_zero
                0x0000000000011790       0x18 zephyr/kernel/libkernel.a(init.c.obj)
                0x0000000000011790                z_bss_zero
 .text.z_init_cpu
                0x00000000000117a8       0x8c zephyr/kernel/libkernel.a(init.c.obj)
                0x00000000000117a8                z_init_cpu
 .text.z_cstart
                0x0000000000011834       0xdc zephyr/kernel/libkernel.a(init.c.obj)
                0x0000000000011834                z_cstart
 .text.init_mem_slab_module
                0x0000000000011910       0x50 zephyr/kernel/libkernel.a(mem_slab.c.obj)
 .text.k_mem_slab_init
                0x0000000000011960       0x40 zephyr/kernel/libkernel.a(mem_slab.c.obj)
                0x0000000000011960                k_mem_slab_init
 .text.k_mem_slab_alloc
                0x00000000000119a0       0x60 zephyr/kernel/libkernel.a(mem_slab.c.obj)
                0x00000000000119a0                k_mem_slab_alloc
 .text.k_mem_slab_free
                0x0000000000011a00       0x50 zephyr/kernel/libkernel.a(mem_slab.c.obj)
                0x0000000000011a00                k_mem_slab_free
 .text.k_is_in_isr
                0x0000000000011a50        0xc zephyr/kernel/libkernel.a(thread.c.obj)
                0x0000000000011a50                k_is_in_isr
 .text.z_impl_k_thread_name_set
                0x0000000000011a5c        0x8 zephyr/kernel/libkernel.a(thread.c.obj)
                0x0000000000011a5c                z_impl_k_thread_name_set
 .text.z_impl_k_thread_start
                0x0000000000011a64        0x4 zephyr/kernel/libkernel.a(thread.c.obj)
                0x0000000000011a64                z_impl_k_thread_start
 .text.idle     0x0000000000011a68       0x18 zephyr/kernel/libkernel.a(idle.c.obj)
                0x0000000000011a68                idle
 .text.z_impl_k_mutex_init
                0x0000000000011a80       0x10 zephyr/kernel/libkernel.a(mutex.c.obj)
                0x0000000000011a80                z_impl_k_mutex_init
 .text.z_impl_k_mutex_lock
                0x0000000000011a90      0x100 zephyr/kernel/libkernel.a(mutex.c.obj)
                0x0000000000011a90                z_impl_k_mutex_lock
 .text.z_impl_k_mutex_unlock
                0x0000000000011b90       0x84 zephyr/kernel/libkernel.a(mutex.c.obj)
                0x0000000000011b90                z_impl_k_mutex_unlock
 .text.queue_insert
                0x0000000000011c14       0xd0 zephyr/kernel/libkernel.a(queue.c.obj)
 .text.k_queue_append
                0x0000000000011ce4       0x18 zephyr/kernel/libkernel.a(queue.c.obj)
                0x0000000000011ce4                k_queue_append
 .text.z_impl_k_queue_get
                0x0000000000011cfc       0x6c zephyr/kernel/libkernel.a(queue.c.obj)
                0x0000000000011cfc                z_impl_k_queue_get
 .text.z_impl_k_sem_init
                0x0000000000011d68       0x20 zephyr/kernel/libkernel.a(sem.c.obj)
                0x0000000000011d68                z_impl_k_sem_init
 .text.z_impl_k_sem_give
                0x0000000000011d88       0x54 zephyr/kernel/libkernel.a(sem.c.obj)
                0x0000000000011d88                z_impl_k_sem_give
 .text.z_impl_k_sem_take
                0x0000000000011ddc       0x58 zephyr/kernel/libkernel.a(sem.c.obj)
                0x0000000000011ddc                z_impl_k_sem_take
 .text.k_sys_work_q_init
                0x0000000000011e34       0x34 zephyr/kernel/libkernel.a(system_work_q.c.obj)
 .text.submit_to_queue_locked
                0x0000000000011e68       0xc8 zephyr/kernel/libkernel.a(work.c.obj)
 .text.k_work_init
                0x0000000000011f30        0xc zephyr/kernel/libkernel.a(work.c.obj)
                0x0000000000011f30                k_work_init
 .text.z_work_submit_to_queue
                0x0000000000011f3c       0x2c zephyr/kernel/libkernel.a(work.c.obj)
                0x0000000000011f3c                z_work_submit_to_queue
 .text.k_work_submit_to_queue
                0x0000000000011f68       0x48 zephyr/kernel/libkernel.a(work.c.obj)
                0x0000000000011f68                k_work_submit_to_queue
 .text.k_work_submit
                0x0000000000011fb0       0x4c zephyr/kernel/libkernel.a(work.c.obj)
                0x0000000000011fb0                k_work_submit
 .text.slice_timeout
                0x0000000000011ffc       0x20 zephyr/kernel/libkernel.a(sched.c.obj)
 .text.z_reset_time_slice
                0x000000000001201c       0x70 zephyr/kernel/libkernel.a(sched.c.obj)
                0x000000000001201c                z_reset_time_slice
 .text.update_cache
                0x000000000001208c       0x40 zephyr/kernel/libkernel.a(sched.c.obj)
 .text.move_thread_to_end_of_prio_q
                0x00000000000120cc       0x80 zephyr/kernel/libkernel.a(sched.c.obj)
 .text.ready_thread
                0x000000000001214c       0x68 zephyr/kernel/libkernel.a(sched.c.obj)
 .text.add_to_waitq_locked
                0x00000000000121b4       0x80 zephyr/kernel/libkernel.a(sched.c.obj)
 .text.z_time_slice
                0x0000000000012234       0x7c zephyr/kernel/libkernel.a(sched.c.obj)
                0x0000000000012234                z_time_slice
 .text.z_ready_thread
                0x00000000000122b0       0x20 zephyr/kernel/libkernel.a(sched.c.obj)
                0x00000000000122b0                z_ready_thread
 .text.z_sched_start
                0x00000000000122d0       0x50 zephyr/kernel/libkernel.a(sched.c.obj)
                0x00000000000122d0                z_sched_start
 .text.z_impl_k_thread_suspend
                0x0000000000012320       0x90 zephyr/kernel/libkernel.a(sched.c.obj)
                0x0000000000012320                z_impl_k_thread_suspend
 .text.z_pend_curr
                0x00000000000123b0       0x5c zephyr/kernel/libkernel.a(sched.c.obj)
                0x00000000000123b0                z_pend_curr
 .text.z_unpend_first_thread
                0x000000000001240c       0x58 zephyr/kernel/libkernel.a(sched.c.obj)
                0x000000000001240c                z_unpend_first_thread
 .text.z_set_prio
                0x0000000000012464       0xb0 zephyr/kernel/libkernel.a(sched.c.obj)
                0x0000000000012464                z_set_prio
 .text.z_reschedule
                0x0000000000012514       0x24 zephyr/kernel/libkernel.a(sched.c.obj)
                0x0000000000012514                z_reschedule
 .text.z_reschedule_irqlock
                0x0000000000012538       0x18 zephyr/kernel/libkernel.a(sched.c.obj)
                0x0000000000012538                z_reschedule_irqlock
 .text.k_sched_lock
                0x0000000000012550       0x28 zephyr/kernel/libkernel.a(sched.c.obj)
                0x0000000000012550                k_sched_lock
 .text.k_sched_unlock
                0x0000000000012578       0x58 zephyr/kernel/libkernel.a(sched.c.obj)
                0x0000000000012578                k_sched_unlock
 .text.z_unpend_all
                0x00000000000125d0       0x48 zephyr/kernel/libkernel.a(sched.c.obj)
                0x00000000000125d0                z_unpend_all
 .text.z_sched_init
                0x0000000000012618       0x10 zephyr/kernel/libkernel.a(sched.c.obj)
                0x0000000000012618                z_sched_init
 .text.z_impl_k_yield
                0x0000000000012628       0xa0 zephyr/kernel/libkernel.a(sched.c.obj)
                0x0000000000012628                z_impl_k_yield
 .text.z_tick_sleep
                0x00000000000126c8       0xc0 zephyr/kernel/libkernel.a(sched.c.obj)
 .text.z_impl_k_sleep
                0x0000000000012788       0x24 zephyr/kernel/libkernel.a(sched.c.obj)
                0x0000000000012788                z_impl_k_sleep
 .text.z_impl_k_usleep
                0x00000000000127ac       0x30 zephyr/kernel/libkernel.a(sched.c.obj)
                0x00000000000127ac                z_impl_k_usleep
 .text.z_impl_z_current_get
                0x00000000000127dc        0xc zephyr/kernel/libkernel.a(sched.c.obj)
                0x00000000000127dc                z_impl_z_current_get
 .text.z_thread_abort
                0x00000000000127e8      0x118 zephyr/kernel/libkernel.a(sched.c.obj)
                0x00000000000127e8                z_thread_abort
 .text.z_sched_wake
                0x0000000000012900       0x6c zephyr/kernel/libkernel.a(sched.c.obj)
                0x0000000000012900                z_sched_wake
 .text.z_sched_wait
                0x000000000001296c       0x24 zephyr/kernel/libkernel.a(sched.c.obj)
                0x000000000001296c                z_sched_wait
 .text.z_data_copy
                0x0000000000012990       0x34 zephyr/kernel/libkernel.a(xip.c.obj)
                0x0000000000012990                z_data_copy
 .text.remove_timeout
                0x00000000000129c4       0x38 zephyr/kernel/libkernel.a(timeout.c.obj)
 .text.z_add_timeout
                0x00000000000129fc      0x12c zephyr/kernel/libkernel.a(timeout.c.obj)
                0x00000000000129fc                z_add_timeout
 .text.z_abort_timeout
                0x0000000000012b28       0x34 zephyr/kernel/libkernel.a(timeout.c.obj)
                0x0000000000012b28                z_abort_timeout
 .text.sys_clock_announce
                0x0000000000012b5c      0x140 zephyr/kernel/libkernel.a(timeout.c.obj)
                0x0000000000012b5c                sys_clock_announce
 .text.sys_clock_tick_get
                0x0000000000012c9c       0x44 zephyr/kernel/libkernel.a(timeout.c.obj)
                0x0000000000012c9c                sys_clock_tick_get
 .text.sys_clock_tick_get_32
                0x0000000000012ce0       0x38 zephyr/kernel/libkernel.a(timeout.c.obj)
                0x0000000000012ce0                sys_clock_tick_get_32
 .text.z_impl_k_uptime_ticks
                0x0000000000012d18       0x44 zephyr/kernel/libkernel.a(timeout.c.obj)
                0x0000000000012d18                z_impl_k_uptime_ticks
 .text.sys_timepoint_calc
                0x0000000000012d5c       0x64 zephyr/kernel/libkernel.a(timeout.c.obj)
                0x0000000000012d5c                sys_timepoint_calc
 .text.sys_timepoint_timeout
                0x0000000000012dc0       0x50 zephyr/kernel/libkernel.a(timeout.c.obj)
                0x0000000000012dc0                sys_timepoint_timeout
 .text.z_timer_expiration_handler
                0x0000000000012e10       0xf4 zephyr/kernel/libkernel.a(timer.c.obj)
                0x0000000000012e10                z_timer_expiration_handler
 .text.z_impl_k_timer_start
                0x0000000000012f04       0x64 zephyr/kernel/libkernel.a(timer.c.obj)
                0x0000000000012f04                z_impl_k_timer_start
 .text.z_impl_k_timer_stop
                0x0000000000012f68       0x3c zephyr/kernel/libkernel.a(timer.c.obj)
                0x0000000000012f68                z_impl_k_timer_stop
 .text.signal_poll_event.constprop.0
                0x0000000000012fa4       0xbc zephyr/kernel/libkernel.a(poll.c.obj)
 .text.z_handle_obj_poll_events
                0x0000000000013060       0x24 zephyr/kernel/libkernel.a(poll.c.obj)
                0x0000000000013060                z_handle_obj_poll_events
 .text.z_impl_k_poll_signal_raise
                0x0000000000013084       0x54 zephyr/kernel/libkernel.a(poll.c.obj)
                0x0000000000013084                z_impl_k_poll_signal_raise
 .text.k_free   0x00000000000130d8       0x10 zephyr/kernel/libkernel.a(mempool.c.obj)
                0x00000000000130d8                k_free
 .text.z_thread_aligned_alloc
                0x00000000000130e8       0x44 zephyr/kernel/libkernel.a(mempool.c.obj)
                0x00000000000130e8                z_thread_aligned_alloc
 .text.boot_banner
                0x000000000001312c        0xc zephyr/kernel/libkernel.a(banner.c.obj)
                0x000000000001312c                boot_banner
 .text.statics_init
                0x0000000000013138       0x30 zephyr/kernel/libkernel.a(kheap.c.obj)
 .text.k_heap_aligned_alloc
                0x0000000000013168       0x90 zephyr/kernel/libkernel.a(kheap.c.obj)
                0x0000000000013168                k_heap_aligned_alloc
 .text.k_heap_free
                0x00000000000131f8       0x3c zephyr/kernel/libkernel.a(kheap.c.obj)
                0x00000000000131f8                k_heap_free
 .text._OffsetAbsSyms
                0x0000000000013234        0x4 zephyr/CMakeFiles/offsets.dir/./arch/arm/core/offsets/offsets.c.obj
                0x0000000000013234                _OffsetAbsSyms
 .text.cosf     0x0000000000013238       0x88 /home/garth/ncs/toolchains/7795df4459/opt/zephyr-sdk/arm-zephyr-eabi/arm-zephyr-eabi/lib/thumb/v7e-m+fp/hard/libm_nano.a(lib_a-sf_cos.o)
                0x0000000000013238                cosf
 .text.roundf   0x00000000000132c0       0x48 /home/garth/ncs/toolchains/7795df4459/opt/zephyr-sdk/arm-zephyr-eabi/arm-zephyr-eabi/lib/thumb/v7e-m+fp/hard/libm_nano.a(lib_a-sf_round.o)
                0x00000000000132c0                roundf
 .text.scalbnf  0x0000000000013308       0xc4 /home/garth/ncs/toolchains/7795df4459/opt/zephyr-sdk/arm-zephyr-eabi/arm-zephyr-eabi/lib/thumb/v7e-m+fp/hard/libm_nano.a(lib_a-sf_scalbn.o)
                0x0000000000013308                scalbnf
 .text.sinf     0x00000000000133cc       0x8c /home/garth/ncs/toolchains/7795df4459/opt/zephyr-sdk/arm-zephyr-eabi/arm-zephyr-eabi/lib/thumb/v7e-m+fp/hard/libm_nano.a(lib_a-sf_sin.o)
                0x00000000000133cc                sinf
 .text.sqrtf    0x0000000000013458       0x4c /home/garth/ncs/toolchains/7795df4459/opt/zephyr-sdk/arm-zephyr-eabi/arm-zephyr-eabi/lib/thumb/v7e-m+fp/hard/libm_nano.a(lib_a-wf_sqrt.o)
                0x0000000000013458                sqrtf
 .text.__ieee754_rem_pio2f
                0x00000000000134a4      0x260 /home/garth/ncs/toolchains/7795df4459/opt/zephyr-sdk/arm-zephyr-eabi/arm-zephyr-eabi/lib/thumb/v7e-m+fp/hard/libm_nano.a(lib_a-ef_rem_pio2.o)
                0x00000000000134a4                __ieee754_rem_pio2f
 .text.__kernel_cosf
                0x0000000000013704       0xb0 /home/garth/ncs/toolchains/7795df4459/opt/zephyr-sdk/arm-zephyr-eabi/arm-zephyr-eabi/lib/thumb/v7e-m+fp/hard/libm_nano.a(lib_a-kf_cos.o)
                0x0000000000013704                __kernel_cosf
 .text.__kernel_rem_pio2f
                0x00000000000137b4      0x4fc /home/garth/ncs/toolchains/7795df4459/opt/zephyr-sdk/arm-zephyr-eabi/arm-zephyr-eabi/lib/thumb/v7e-m+fp/hard/libm_nano.a(lib_a-kf_rem_pio2.o)
                0x00000000000137b4                __kernel_rem_pio2f
 .text.__kernel_sinf
                0x0000000000013cb0       0x90 /home/garth/ncs/toolchains/7795df4459/opt/zephyr-sdk/arm-zephyr-eabi/arm-zephyr-eabi/lib/thumb/v7e-m+fp/hard/libm_nano.a(lib_a-kf_sin.o)
                0x0000000000013cb0                __kernel_sinf
 .text.floorf   0x0000000000013d40       0x88 /home/garth/ncs/toolchains/7795df4459/opt/zephyr-sdk/arm-zephyr-eabi/arm-zephyr-eabi/lib/thumb/v7e-m+fp/hard/libm_nano.a(lib_a-sf_floor.o)
                0x0000000000013d40                floorf
 .text.nanf     0x0000000000013dc8        0xc /home/garth/ncs/toolchains/7795df4459/opt/zephyr-sdk/arm-zephyr-eabi/arm-zephyr-eabi/lib/thumb/v7e-m+fp/hard/libm_nano.a(lib_a-sf_nan.o)
                0x0000000000013dc8                nanf
 .text.malloc   0x0000000000013dd4       0x10 /home/garth/ncs/toolchains/7795df4459/opt/zephyr-sdk/arm-zephyr-eabi/arm-zephyr-eabi/lib/thumb/v7e-m+fp/hard/libc_nano.a(lib_a-malloc.o)
                0x0000000000013dd4                malloc
 .text._free_r  0x0000000000013de4       0x94 /home/garth/ncs/toolchains/7795df4459/opt/zephyr-sdk/arm-zephyr-eabi/arm-zephyr-eabi/lib/thumb/v7e-m+fp/hard/libc_nano.a(lib_a-nano-freer.o)
                0x0000000000013de4                _free_r
 .text._malloc_r
                0x0000000000013e78       0xb4 /home/garth/ncs/toolchains/7795df4459/opt/zephyr-sdk/arm-zephyr-eabi/arm-zephyr-eabi/lib/thumb/v7e-m+fp/hard/libc_nano.a(lib_a-nano-mallocr.o)
                0x0000000000013e78                _malloc_r
 .text._printf_float